Component: ARM Compiler 5.06 update 6 (build 750) Tool: armlink [4d35ed]

==============================================================================

Section Cross References

    startup_stm32f407xx.o(STACK) refers (Special) to heapauxi.o(.text) for __use_two_region_memory
    startup_stm32f407xx.o(HEAP) refers (Special) to heapauxi.o(.text) for __use_two_region_memory
    startup_stm32f407xx.o(RESET) refers (Special) to heapauxi.o(.text) for __use_two_region_memory
    startup_stm32f407xx.o(RESET) refers to startup_stm32f407xx.o(STACK) for __initial_sp
    startup_stm32f407xx.o(RESET) refers to startup_stm32f407xx.o(.text) for Reset_Handler
    startup_stm32f407xx.o(RESET) refers to stm32f4xx_it.o(i.NMI_Handler) for NMI_Handler
    startup_stm32f407xx.o(RESET) refers to stm32f4xx_it.o(i.HardFault_Handler) for HardFault_Handler
    startup_stm32f407xx.o(RESET) refers to stm32f4xx_it.o(i.MemManage_Handler) for MemManage_Handler
    startup_stm32f407xx.o(RESET) refers to stm32f4xx_it.o(i.BusFault_Handler) for BusFault_Handler
    startup_stm32f407xx.o(RESET) refers to stm32f4xx_it.o(i.UsageFault_Handler) for UsageFault_Handler
    startup_stm32f407xx.o(RESET) refers to stm32f4xx_it.o(i.SVC_Handler) for SVC_Handler
    startup_stm32f407xx.o(RESET) refers to stm32f4xx_it.o(i.DebugMon_Handler) for DebugMon_Handler
    startup_stm32f407xx.o(RESET) refers to stm32f4xx_it.o(i.PendSV_Handler) for PendSV_Handler
    startup_stm32f407xx.o(RESET) refers to stm32f4xx_it.o(i.SysTick_Handler) for SysTick_Handler
    startup_stm32f407xx.o(.text) refers (Special) to heapauxi.o(.text) for __use_two_region_memory
    startup_stm32f407xx.o(.text) refers to system_stm32f4xx.o(i.SystemInit) for SystemInit
    startup_stm32f407xx.o(.text) refers to __main.o(!!!main) for __main
    startup_stm32f407xx.o(.text) refers to startup_stm32f407xx.o(HEAP) for Heap_Mem
    startup_stm32f407xx.o(.text) refers to startup_stm32f407xx.o(STACK) for Stack_Mem
    main.o(i.SystemClock_Config) refers to rt_memclr_w.o(.text) for __aeabi_memclr4
    main.o(i.SystemClock_Config) refers to stm32f4xx_hal_rcc.o(i.HAL_RCC_OscConfig) for HAL_RCC_OscConfig
    main.o(i.SystemClock_Config) refers to main.o(i.Error_Handler) for Error_Handler
    main.o(i.SystemClock_Config) refers to stm32f4xx_hal_rcc.o(i.HAL_RCC_ClockConfig) for HAL_RCC_ClockConfig
    main.o(i.main) refers to _printf_pad.o(.text) for _printf_pre_padding
    main.o(i.main) refers to _printf_percent.o(.ARM.Collect$$_printf_percent$$00000000) for _printf_percent
    main.o(i.main) refers to _printf_d.o(.ARM.Collect$$_printf_percent$$00000009) for _printf_d
    main.o(i.main) refers to _printf_x.o(.ARM.Collect$$_printf_percent$$0000000C) for _printf_x
    main.o(i.main) refers to _printf_c.o(.ARM.Collect$$_printf_percent$$00000013) for _printf_c
    main.o(i.main) refers to _printf_dec.o(.text) for _printf_int_dec
    main.o(i.main) refers to _printf_hex_int.o(.text) for _printf_longlong_hex
    main.o(i.main) refers to _printf_str.o(.text) for _printf_str
    main.o(i.main) refers to stm32f4xx_hal.o(i.HAL_Init) for HAL_Init
    main.o(i.main) refers to main.o(i.SystemClock_Config) for SystemClock_Config
    main.o(i.main) refers to gpio.o(i.MX_GPIO_Init) for MX_GPIO_Init
    main.o(i.main) refers to tim.o(i.MX_TIM1_Init) for MX_TIM1_Init
    main.o(i.main) refers to usart.o(i.MX_USART1_UART_Init) for MX_USART1_UART_Init
    main.o(i.main) refers to remote_control.o(i.RemoteControlInit) for RemoteControlInit
    main.o(i.main) refers to noretval__2printf.o(.text) for __2printf
    main.o(i.main) refers to stm32f4xx_hal.o(i.HAL_GetTick) for HAL_GetTick
    main.o(i.main) refers to remote_control.o(i.RemoteControlUpdate) for RemoteControlUpdate
    main.o(i.main) refers to remote_control.o(i.RemoteControlIsOnline) for RemoteControlIsOnline
    main.o(i.main) refers to main.o(.data) for g_rc
    main.o(i.main) refers to main.o(.conststring) for .conststring
    gpio.o(i.MX_GPIO_Init) refers to rt_memclr_w.o(.text) for __aeabi_memclr4
    gpio.o(i.MX_GPIO_Init) refers to stm32f4xx_hal_gpio.o(i.HAL_GPIO_WritePin) for HAL_GPIO_WritePin
    gpio.o(i.MX_GPIO_Init) refers to stm32f4xx_hal_gpio.o(i.HAL_GPIO_Init) for HAL_GPIO_Init
    tim.o(i.HAL_TIM_MspPostInit) refers to rt_memclr_w.o(.text) for __aeabi_memclr4
    tim.o(i.HAL_TIM_MspPostInit) refers to stm32f4xx_hal_gpio.o(i.HAL_GPIO_Init) for HAL_GPIO_Init
    tim.o(i.MX_TIM1_Init) refers to rt_memclr_w.o(.text) for __aeabi_memclr4
    tim.o(i.MX_TIM1_Init) refers to stm32f4xx_hal_tim.o(i.HAL_TIM_PWM_Init) for HAL_TIM_PWM_Init
    tim.o(i.MX_TIM1_Init) refers to main.o(i.Error_Handler) for Error_Handler
    tim.o(i.MX_TIM1_Init) refers to stm32f4xx_hal_tim_ex.o(i.HAL_TIMEx_MasterConfigSynchronization) for HAL_TIMEx_MasterConfigSynchronization
    tim.o(i.MX_TIM1_Init) refers to stm32f4xx_hal_tim.o(i.HAL_TIM_PWM_ConfigChannel) for HAL_TIM_PWM_ConfigChannel
[...]
    ..\Core\Src\main.c                       0x00000000   Number         0  main.o ABSOLUTE
    ..\Core\Src\stm32f4xx_hal_msp.c          0x00000000   Number         0  stm32f4xx_hal_msp.o ABSOLUTE
    ..\Core\Src\stm32f4xx_it.c               0x00000000   Number         0  stm32f4xx_it.o ABSOLUTE
    ..\Core\Src\system_stm32f4xx.c           0x00000000   Number         0  system_stm32f4xx.o ABSOLUTE
    ..\Core\Src\tim.c                        0x00000000   Number         0  tim.o ABSOLUTE
    ..\Core\Src\usart.c                      0x00000000   Number         0  usart.o ABSOLUTE
    ..\Drivers\STM32F4xx_HAL_Driver\Src\stm32f4xx_hal.c 0x00000000   Number         0  stm32f4xx_hal.o ABSOLUTE
    ..\Drivers\STM32F4xx_HAL_Driver\Src\stm32f4xx_hal_cortex.c 0x00000000   Number         0  stm32f4xx_hal_cortex.o ABSOLUTE
    ..\Drivers\STM32F4xx_HAL_Driver\Src\stm32f4xx_hal_dma.c 0x00000000   Number         0  stm32f4xx_hal_dma.o ABSOLUTE
    ..\Drivers\STM32F4xx_HAL_Driver\Src\stm32f4xx_hal_dma_ex.c 0x00000000   Number         0  stm32f4xx_hal_dma_ex.o ABSOLUTE
    ..\Drivers\STM32F4xx_HAL_Driver\Src\stm32f4xx_hal_exti.c 0x00000000   Number         0  stm32f4xx_hal_exti.o ABSOLUTE
    ..\Drivers\STM32F4xx_HAL_Driver\Src\stm32f4xx_hal_flash.c 0x00000000   Number         0  stm32f4xx_hal_flash.o ABSOLUTE
    ..\Drivers\STM32F4xx_HAL_Driver\Src\stm32f4xx_hal_flash_ex.c 0x00000000   Number         0  stm32f4xx_hal_flash_ex.o ABSOLUTE
    ..\Drivers\STM32F4xx_HAL_Driver\Src\stm32f4xx_hal_flash_ramfunc.c 0x00000000   Number         0  stm32f4xx_hal_flash_ramfunc.o ABSOLUTE
    ..\Drivers\STM32F4xx_HAL_Driver\Src\stm32f4xx_hal_gpio.c 0x00000000   Number         0  stm32f4xx_hal_gpio.o ABSOLUTE
    ..\Drivers\STM32F4xx_HAL_Driver\Src\stm32f4xx_hal_pwr.c 0x00000000   Number         0  stm32f4xx_hal_pwr.o ABSOLUTE
    ..\Drivers\STM32F4xx_HAL_Driver\Src\stm32f4xx_hal_pwr_ex.c 0x00000000   Number         0  stm32f4xx_hal_pwr_ex.o ABSOLUTE
    ..\Drivers\STM32F4xx_HAL_Driver\Src\stm32f4xx_hal_rcc.c 0x00000000   Number         0  stm32f4xx_hal_rcc.o ABSOLUTE
    ..\Drivers\STM32F4xx_HAL_Driver\Src\stm32f4xx_hal_rcc_ex.c 0x00000000   Number         0  stm32f4xx_hal_rcc_ex.o ABSOLUTE
    ..\Drivers\STM32F4xx_HAL_Driver\Src\stm32f4xx_hal_tim.c 0x00000000   Number         0  stm32f4xx_hal_tim.o ABSOLUTE
    ..\Drivers\STM32F4xx_HAL_Driver\Src\stm32f4xx_hal_tim_ex.c 0x00000000   Number         0  stm32f4xx_hal_tim_ex.o ABSOLUTE
    ..\Drivers\STM32F4xx_HAL_Driver\Src\stm32f4xx_hal_uart.c 0x00000000   Number         0  stm32f4xx_hal_uart.o ABSOLUTE
    ..\PS2_first\ax_basis.c                  0x00000000   Number         0  ax_basis.o ABSOLUTE
    ..\PS2_first\ax_ps2.c                    0x00000000   Number         0  ax_ps2.o ABSOLUTE
    ..\PS2_first\remote_control.c            0x00000000   Number         0  remote_control.o ABSOLUTE
    ..\\PS2_first\\ax_basis.c                0x00000000   Number         0  ax_basis.o ABSOLUTE
    ..\\PS2_first\\ax_ps2.c                  0x00000000   Number         0  ax_ps2.o ABSOLUTE
    ..\\PS2_first\\remote_control.c          0x00000000   Number         0  remote_control.o ABSOLUTE
    dc.s                                     0x00000000   Number         0  dc.o ABSOLUTE
    startup_stm32f407xx.s                    0x00000000   Number         0  startup_stm32f407xx.o ABSOLUTE
    RESET                                    0x08000000   Section      392  startup_stm32f407xx.o(RESET)
    !!!main                                  0x08000188   Section        8  __main.o(!!!main)
    !!!scatter                               0x08000190   Section       52  __scatter.o(!!!scatter)
    !!handler_copy                           0x080001c4   Section       26  __scatter_copy.o(!!handler_copy)
    !!handler_zi                             0x080001e0   Section       28  __scatter_zi.o(!!handler_zi)
    .ARM.Collect$$_printf_percent$$00000000  0x080001fc   Section        0  _printf_percent.o(.ARM.Collect$$_printf_percent$$00000000)
    .ARM.Collect$$_printf_percent$$00000009  0x080001fc   Section        6  _printf_d.o(.ARM.Collect$$_printf_percent$$00000009)
    .ARM.Collect$$_printf_percent$$0000000C  0x08000202   Section        6  _printf_x.o(.ARM.Collect$$_printf_percent$$0000000C)
    .ARM.Collect$$_printf_percent$$00000013  0x08000208   Section        6  _printf_c.o(.ARM.Collect$$_printf_percent$$00000013)
    .ARM.Collect$$_printf_percent$$00000017  0x0800020e   Section        4  _printf_percent_end.o(.ARM.Collect$$_printf_percent$$00000017)
    .ARM.Collect$$libinit$$00000000          0x08000212   Section        2  libinit.o(.ARM.Collect$$libinit$$00000000)
    .ARM.Collect$$libinit$$00000001          0x08000214   Section        4  libinit2.o(.ARM.Collect$$libinit$$00000001)
    .ARM.Collect$$libinit$$00000004          0x08000218   Section        0  libinit2.o(.ARM.Collect$$libinit$$00000004)
    .ARM.Collect$$libinit$$00000005          0x08000218   Section        8  libinit2.o(.ARM.Collect$$libinit$$00000005)
    .ARM.Collect$$libinit$$0000000A          0x08000220   Section        0  libinit2.o(.ARM.Collect$$libinit$$0000000A)
    .ARM.Collect$$libinit$$0000000C          0x08000220   Section        0  libinit2.o(.ARM.Collect$$libinit$$0000000C)
    .ARM.Collect$$libinit$$0000000E          0x08000220   Section        0  libinit2.o(.ARM.Collect$$libinit$$0000000E)
    .ARM.Collect$$libinit$$00000011          0x08000220   Section        0  libinit2.o(.ARM.Collect$$libinit$$00000011)
    .ARM.Collect$$libinit$$00000013          0x08000220   Section        0  libinit2.o(.ARM.Collect$$libinit$$00000013)
    .ARM.Collect$$libinit$$00000015          0x08000220   Section        0  libinit2.o(.ARM.Collect$$libinit$$00000015)
    .ARM.Collect$$libinit$$00000017          0x08000220   Section        0  libinit2.o(.ARM.Collect$$libinit$$00000017)
    .ARM.Collect$$libinit$$00000019          0x08000220   Section        0  libinit2.o(.ARM.Collect$$libinit$$00000019)
    .ARM.Collect$$libinit$$0000001B          0x08000220   Section        0  libinit2.o(.ARM.Collect$$libinit$$0000001B)
    .ARM.Collect$$libinit$$0000001D          0x08000220   Section        0  libinit2.o(.ARM.Collect$$libinit$$0000001D)
    .ARM.Collect$$libinit$$0000001F          0x08000220   Section        0  libinit2.o(.ARM.Collect$$libinit$$0000001F)
    .ARM.Collect$$libinit$$00000021          0x08000220   Section        0  libinit2.o(.ARM.Collect$$libinit$$00000021)
    .ARM.Collect$$libinit$$00000023          0x08000220   Section        0  libinit2.o(.ARM.Collect$$libinit$$00000023)
    .ARM.Collect$$libinit$$00000024          0x08000220   Section        4  libinit2.o(.ARM.Collect$$libinit$$00000024)
    .ARM.Collect$$libinit$$00000025          0x08000224   Section        0  libinit2.o(.ARM.Collect$$libinit$$00000025)
    .ARM.Collect$$libinit$$0000002C          0x08000224   Section        0  libinit2.o(.ARM.Collect$$libinit$$0000002C)
    .ARM.Collect$$libinit$$0000002E          0x08000224   Section        0  libinit2.o(.ARM.Collect$$libinit$$0000002E)
    .ARM.Collect$$libinit$$00000030          0x08000224   Section        0  libinit2.o(.ARM.Collect$$libinit$$00000030)
    .ARM.Collect$$libinit$$00000032          0x08000224   Section        0  libinit2.o(.ARM.Collect$$libinit$$00000032)
    .ARM.Collect$$libinit$$00000033          0x08000224   Section        2  libinit2.o(.ARM.Collect$$libinit$$00000033)
    .ARM.Collect$$libshutdown$$00000000      0x08000226   Section        2  libshutdown.o(.ARM.Collect$$libshutdown$$00000000)
    .ARM.Collect$$libshutdown$$00000002      0x08000228   Section        0  libshutdown2.o(.ARM.Collect$$libshutdown$$00000002)
    .ARM.Collect$$libshutdown$$00000003      0x08000228   Section        4  libshutdown2.o(.ARM.Collect$$libshutdown$$00000003)
    .ARM.Collect$$libshutdown$$00000004      0x0800022c   Section        0  libshutdown2.o(.ARM.Collect$$libshutdown$$00000004)
    .ARM.Collect$$libshutdown$$00000007      0x0800022c   Section        0  libshutdown2.o(.ARM.Collect$$libshutdown$$00000007)
    .ARM.Collect$$libshutdown$$0000000A      0x0800022c   Section        0  libshutdown2.o(.ARM.Collect$$libshutdown$$0000000A)
    .ARM.Collect$$libshutdown$$0000000C      0x0800022c   Section        0  libshutdown2.o(.ARM.Collect$$libshutdown$$0000000C)
    .ARM.Collect$$libshutdown$$0000000F      0x0800022c   Section        0  libshutdown2.o(.ARM.Collect$$libshutdown$$0000000F)
    .ARM.Collect$$libshutdown$$00000010      0x0800022c   Section        2  libshutdown2.o(.ARM.Collect$$libshutdown$$00000010)
    .ARM.Collect$$rtentry$$00000000          0x0800022e   Section        0  __rtentry.o(.ARM.Collect$$rtentry$$00000000)
    .ARM.Collect$$rtentry$$00000002          0x0800022e   Section        0  __rtentry2.o(.ARM.Collect$$rtentry$$00000002)
    .ARM.Collect$$rtentry$$00000004          0x0800022e   Section        6  __rtentry4.o(.ARM.Collect$$rtentry$$00000004)
    .ARM.Collect$$rtentry$$00000009          0x08000234   Section        0  __rtentry2.o(.ARM.Collect$$rtentry$$00000009)
    .ARM.Collect$$rtentry$$0000000A          0x08000234   Section        4  __rtentry2.o(.ARM.Collect$$rtentry$$0000000A)
    .ARM.Collect$$rtentry$$0000000C          0x08000238   Section        0  __rtentry2.o(.ARM.Collect$$rtentry$$0000000C)
    .ARM.Collect$$rtentry$$0000000D          0x08000238   Section        8  __rtentry2.o(.ARM.Collect$$rtentry$$0000000D)
    .ARM.Collect$$rtexit$$00000000           0x08000240   Section        2  rtexit.o(.ARM.Collect$$rtexit$$00000000)
    .ARM.Collect$$rtexit$$00000002           0x08000242   Section        0  rtexit2.o(.ARM.Collect$$rtexit$$00000002)
    .ARM.Collect$$rtexit$$00000003           0x08000242   Section        4  rtexit2.o(.ARM.Collect$$rtexit$$00000003)
    .ARM.Collect$$rtexit$$00000004           0x08000246   Section        6  rtexit2.o(.ARM.Collect$$rtexit$$00000004)
    .emb_text                                0x0800024c   Section        0  maybetermalloc1.o(.emb_text)
    .text                                    0x0800024c   Section       64  startup_stm32f407xx.o(.text)
    $v0                                      0x0800024c   Number         0  startup_stm32f407xx.o(.text)
    .text                                    0x0800028c   Section      238  lludivv7m.o(.text)
    .text                                    0x0800037c   Section        0  noretval__2printf.o(.text)
    .text                                    0x08000394   Section        0  _printf_pad.o(.text)
    .text                                    0x080003e2   Section        0  _printf_str.o(.text)
    .text                                    0x08000434   Section        0  _printf_dec.o(.text)
    .text                                    0x080004ac   Section        0  _printf_hex_int.o(.text)
    .text                                    0x08000504   Section        0  __printf_flags_wp.o(.text)
    .text                                    0x0800063c   Section      138  rt_memcpy_v6.o(.text)
    .text                                    0x080006c6   Section       68  rt_memclr.o(.text)
    .text                                    0x0800070a   Section       78  rt_memclr_w.o(.text)
    .text                                    0x08000758   Section        0  heapauxi.o(.text)
    .text                                    0x0800075e   Section        0  _printf_intcommon.o(.text)
    .text                                    0x08000810   Section        0  _printf_char.o(.text)
    .text                                    0x0800083c   Section        0  _printf_char_file.o(.text)
    .text                                    0x08000860   Section      100  rt_memcpy_w.o(.text)
    .text                                    0x080008c4   Section        0  _printf_char_common.o(.text)
    _printf_input_char                       0x080008c5   Thumb Code    10  _printf_char_common.o(.text)
    .text                                    0x080008f4   Section        0  ferror.o(.text)
    .text                                    0x080008fc   Section        0  initio.o(.text)
    .text                                    0x08000a34   Section        0  sys_io.o(.text)
    .text                                    0x08000a9a   Section       74  sys_stackheap_outer.o(.text)
    .text                                    0x08000ae4   Section        0  h1_free.o(.text)
    .text                                    0x08000b32   Section        0  setvbuf.o(.text)
    .text                                    0x08000b78   Section        0  fopen.o(.text)
    _freopen_locked                          0x08000b79   Thumb Code     0  fopen.o(.text)
    .text                                    0x08000c64   Section        0  fclose.o(.text)
    .text                                    0x08000cb0   Section        0  exit.o(.text)
    .text                                    0x08000cc2   Section        0  defsig_rtred_outer.o(.text)
    .text                                    0x08000cd0   Section        8  libspace.o(.text)
    .text                                    0x08000cd8   Section        2  use_no_semi.o(.text)
    .text                                    0x08000cda   Section        0  indicate_semi.o(.text)
    .text                                    0x08000cdc   Section        8  rt_heap_descriptor_intlibspace.o(.text)
    .text                                    0x08000ce4   Section        0  hguard.o(.text)
    .text                                    0x08000ce8   Section        0  init_alloc.o(.text)
    .text                                    0x08000d72   Section        0  h1_alloc.o(.text)
    .text                                    0x08000dd0   Section        0  fseek.o(.text)
    .text                                    0x08000ec8   Section        0  stdio.o(.text)
    .text                                    0x08000fb8   Section        0  defsig_exit.o(.text)
    .text                                    0x08000fc4   Section        0  defsig_rtred_inner.o(.text)
    .text                                    0x08000ff8   Section        0  strlen.o(.text)
    .text                                    0x08001038   Section        0  sys_exit.o(.text)
    .text                                    0x08001044   Section        0  h1_init.o(.text)
    .text                                    0x08001052   Section        0  h1_extend.o(.text)
    .text                                    0x08001086   Section        0  ftell.o(.text)
    .text                                    0x080010c8   Section        0  defsig_general.o(.text)
    .text                                    0x080010fa   Section        0  defsig_rtmem_outer.o(.text)
    .text                                    0x08001108   Section        0  sys_wrch.o(.text)
    .text                                    0x08001118   Section        8  rt_errno_addr_intlibspace.o(.text)
    .text                                    0x08001120   Section        0  defsig_rtmem_inner.o(.text)
    i.AX_DWT_Init                            0x08001170   Section        0  ax_basis.o(i.AX_DWT_Init)
    i.AX_Delayus                             0x08001198   Section        0  ax_basis.o(i.AX_Delayus)
    i.AX_PS2_Init                            0x080011d0   Section        0  ax_ps2.o(i.AX_PS2_Init)
    i.AX_PS2_ScanKey                         0x08001260   Section        0  ax_ps2.o(i.AX_PS2_ScanKey)
    i.BusFault_Handler                       0x080012d4   Section        0  stm32f4xx_it.o(i.BusFault_Handler)
    i.DebugMon_Handler                       0x080012d8   Section        0  stm32f4xx_it.o(i.DebugMon_Handler)
    i.Error_Handler                          0x080012da   Section        0  main.o(i.Error_Handler)
    i.HAL_GPIO_Init                          0x080012e0   Section        0  stm32f4xx_hal_gpio.o(i.HAL_GPIO_Init)
    i.HAL_GPIO_ReadPin                       0x080014d4   Section        0  stm32f4xx_hal_gpio.o(i.HAL_GPIO_ReadPin)
    i.HAL_GPIO_WritePin                      0x080014e4   Section        0  stm32f4xx_hal_gpio.o(i.HAL_GPIO_WritePin)
    i.HAL_GetTick                            0x080014f0   Section        0  stm32f4xx_hal.o(i.HAL_GetTick)
    i.HAL_IncTick                            0x080014fc   Section        0  stm32f4xx_hal.o(i.HAL_IncTick)
    i.HAL_Init                               0x08001514   Section        0  stm32f4xx_hal.o(i.HAL_Init)
    i.HAL_InitTick                           0x08001550   Section        0  stm32f4xx_hal.o(i.HAL_InitTick)
    i.HAL_MspInit                            0x0800159c   Section        0  stm32f4xx_hal_msp.o(i.HAL_MspInit)
    i.HAL_NVIC_SetPriority                   0x080015e4   Section        0  stm32f4xx_hal_cortex.o(i.HAL_NVIC_SetPriority)
    i.HAL_NVIC_SetPriorityGrouping           0x08001660   Section        0  stm32f4xx_hal_cortex.o(i.HAL_NVIC_SetPriorityGrouping)
    i.HAL_RCC_ClockConfig                    0x08001688   Section        0  stm32f4xx_hal_rcc.o(i.HAL_RCC_ClockConfig)
    i.HAL_RCC_GetHCLKFreq                    0x0800180c   Section        0  stm32f4xx_hal_rcc.o(i.HAL_RCC_GetHCLKFreq)
    i.HAL_RCC_GetPCLK1Freq                   0x08001818   Section        0  stm32f4xx_hal_rcc.o(i.HAL_RCC_GetPCLK1Freq)
    i.HAL_RCC_GetPCLK2Freq                   0x08001838   Section        0  stm32f4xx_hal_rcc.o(i.HAL_RCC_GetPCLK2Freq)
    i.HAL_RCC_GetSysClockFreq                0x08001858   Section        0  stm32f4xx_hal_rcc.o(i.HAL_RCC_GetSysClockFreq)
    i.HAL_RCC_OscConfig                      0x08001908   Section        0  stm32f4xx_hal_rcc.o(i.HAL_RCC_OscConfig)
    i.HAL_SYSTICK_Config                     0x08001da4   Section        0  stm32f4xx_hal_cortex.o(i.HAL_SYSTICK_Config)
    i.HAL_TIMEx_ConfigBreakDeadTime          0x08001dd8   Section        0  stm32f4xx_hal_tim_ex.o(i.HAL_TIMEx_ConfigBreakDeadTime)
    i.HAL_TIMEx_MasterConfigSynchronization  0x08001e4c   Section        0  stm32f4xx_hal_tim_ex.o(i.HAL_TIMEx_MasterConfigSynchronization)
    i.HAL_TIM_MspPostInit                    0x08001f00   Section        0  tim.o(i.HAL_TIM_MspPostInit)
    i.HAL_TIM_PWM_ConfigChannel              0x08001f64   Section        0  stm32f4xx_hal_tim.o(i.HAL_TIM_PWM_ConfigChannel)
    i.HAL_TIM_PWM_Init                       0x08002068   Section        0  stm32f4xx_hal_tim.o(i.HAL_TIM_PWM_Init)
    i.HAL_TIM_PWM_MspInit                    0x080020d0   Section        0  tim.o(i.HAL_TIM_PWM_MspInit)
    i.HAL_UART_Init                          0x08002104   Section        0  stm32f4xx_hal_uart.o(i.HAL_UART_Init)
    i.HAL_UART_MspInit                       0x0800217c   Section        0  usart.o(i.HAL_UART_MspInit)
    i.HardFault_Handler                      0x08002204   Section        0  stm32f4xx_it.o(i.HardFault_Handler)
    i.MX_GPIO_Init                           0x08002208   Section        0  gpio.o(i.MX_GPIO_Init)
    i.MX_TIM1_Init                           0x0800238c   Section        0  tim.o(i.MX_TIM1_Init)
    i.MX_USART1_UART_Init                    0x08002468   Section        0  usart.o(i.MX_USART1_UART_Init)
    i.MemManage_Handler                      0x080024a0   Section        0  stm32f4xx_it.o(i.MemManage_Handler)
    i.NMI_Handler                            0x080024a4   Section        0  stm32f4xx_it.o(i.NMI_Handler)
    i.PS2_ReadWriteData                      0x080024a8   Section        0  ax_ps2.o(i.PS2_ReadWriteData)
    PS2_ReadWriteData                        0x080024a9   Thumb Code   110  ax_ps2.o(i.PS2_ReadWriteData)
    i.PendSV_Handler                         0x0800251c   Section        0  stm32f4xx_it.o(i.PendSV_Handler)
    i.RectifyRCjoystick                      0x08002520   Section        0  remote_control.o(i.RectifyRCjoystick)
    RectifyRCjoystick                        0x08002521   Thumb Code    40  remote_control.o(i.RectifyRCjoystick)
    i.RemoteControlInit                      0x0800254c   Section        0  remote_control.o(i.RemoteControlInit)
    i.RemoteControlIsOnline                  0x0800256c   Section        0  remote_control.o(i.RemoteControlIsOnline)
    i.RemoteControlUpdate                    0x08002584   Section        0  remote_control.o(i.RemoteControlUpdate)
    i.SVC_Handler                            0x080025a8   Section        0  stm32f4xx_it.o(i.SVC_Handler)
    i.SysTick_Handler                        0x080025aa   Section        0  stm32f4xx_it.o(i.SysTick_Handler)
    i.SystemClock_Config                     0x080025b4   Section        0  main.o(i.SystemClock_Config)
    i.SystemInit                             0x08002668   Section        0  system_stm32f4xx.o(i.SystemInit)
    i.TIM_Base_SetConfig                     0x0800267c   Section        0  stm32f4xx_hal_tim.o(i.TIM_Base_SetConfig)
    i.TIM_OC1_SetConfig                      0x0800275c   Section        0  stm32f4xx_hal_tim.o(i.TIM_OC1_SetConfig)
    TIM_OC1_SetConfig                        0x0800275d   Thumb Code   104  stm32f4xx_hal_tim.o(i.TIM_OC1_SetConfig)
    i.TIM_OC2_SetConfig                      0x080027cc   Section        0  stm32f4xx_hal_tim.o(i.TIM_OC2_SetConfig)
    i.TIM_OC3_SetConfig                      0x08002848   Section        0  stm32f4xx_hal_tim.o(i.TIM_OC3_SetConfig)
    TIM_OC3_SetConfig                        0x08002849   Thumb Code   112  stm32f4xx_hal_tim.o(i.TIM_OC3_SetConfig)
    i.TIM_OC4_SetConfig                      0x080028c0   Section        0  stm32f4xx_hal_tim.o(i.TIM_OC4_SetConfig)
    TIM_OC4_SetConfig                        0x080028c1   Thumb Code    74  stm32f4xx_hal_tim.o(i.TIM_OC4_SetConfig)
    i.UART_SetConfig                         0x08002914   Section        0  stm32f4xx_hal_uart.o(i.UART_SetConfig)
    UART_SetConfig                           0x08002915   Thumb Code   546  stm32f4xx_hal_uart.o(i.UART_SetConfig)
    i.UsageFault_Handler                     0x08002b40   Section        0  stm32f4xx_it.o(i.UsageFault_Handler)
    i.__NVIC_GetPriorityGrouping             0x08002b44   Section        0  stm32f4xx_hal_cortex.o(i.__NVIC_GetPriorityGrouping)
    __NVIC_GetPriorityGrouping               0x08002b45   Thumb Code    10  stm32f4xx_hal_cortex.o(i.__NVIC_GetPriorityGrouping)
    i.__NVIC_SetPriority                     0x08002b54   Section        0  stm32f4xx_hal_cortex.o(i.__NVIC_SetPriority)
    __NVIC_SetPriority                       0x08002b55   Thumb Code    32  stm32f4xx_hal_cortex.o(i.__NVIC_SetPriority)
    i._is_digit                              0x08002b7c   Section        0  __printf_wp.o(i._is_digit)
    i.fputc                                  0x08002b8c   Section        0  ax_basis.o(i.fputc)
    i.main                                   0x08002bac   Section        0  main.o(i.main)
    i.ps2_to_rc                              0x08002d54   Section        0  remote_control.o(i.ps2_to_rc)
    ps2_to_rc                                0x08002d55   Thumb Code   394  remote_control.o(i.ps2_to_rc)
    x$fpl$fpinit                             0x08002ee4   Section       10  fpinit.o(x$fpl$fpinit)
    $v0                                      0x08002ee4   Number         0  fpinit.o(x$fpl$fpinit)
    .constdata                               0x08002eee   Section       24  system_stm32f4xx.o(.constdata)
    .constdata                               0x08002f06   Section        9  ax_ps2.o(.constdata)
    .constdata                               0x08002f0f   Section       40  _printf_hex_int.o(.constdata)
    uc_hextab                                0x08002f0f   Data          20  _printf_hex_int.o(.constdata)
    lc_hextab                                0x08002f23   Data          20  _printf_hex_int.o(.constdata)
    .constdata                               0x08002f37   Section       17  __printf_flags_wp.o(.constdata)
    maptable                                 0x08002f37   Data          17  __printf_flags_wp.o(.constdata)
    .constdata                               0x08002f48   Section        4  sys_io.o(.constdata)
    .constdata                               0x08002f4c   Section        4  sys_io.o(.constdata)
    .constdata                               0x08002f50   Section        4  sys_io.o(.constdata)
    .conststring                             0x08002f54   Section       82  main.o(.conststring)
    .data                                    0x20000000   Section       12  main.o(.data)
    .data                                    0x2000000c   Section        9  stm32f4xx_hal.o(.data)
    .data                                    0x20000018   Section        4  system_stm32f4xx.o(.data)
    .data                                    0x2000001c   Section        8  remote_control.o(.data)
    rc_init_flag                             0x2000001c   Data           1  remote_control.o(.data)
    ps2_raw_data                             0x2000001d   Data           7  remote_control.o(.data)
    .data                                    0x20000024   Section        4  stdio_streams.o(.data)
    .data                                    0x20000028   Section        4  stdio_streams.o(.data)
    .data                                    0x2000002c   Section        4  stdio_streams.o(.data)
    .bss                                     0x20000030   Section       72  tim.o(.bss)
    .bss                                     0x20000078   Section       72  usart.o(.bss)
    .bss                                     0x200000c0   Section        9  ax_ps2.o(.bss)
    PS2_data                                 0x200000c0   Data           9  ax_ps2.o(.bss)
    .bss                                     0x200000ca   Section       60  remote_control.o(.bss)
    rc_ctrl                                  0x200000ca   Data          60  remote_control.o(.bss)
    .bss                                     0x20000108   Section       84  stdio_streams.o(.bss)
    .bss                                     0x2000015c   Section       84  stdio_streams.o(.bss)
    .bss                                     0x200001b0   Section       84  stdio_streams.o(.bss)
    .bss                                     0x20000204   Section       96  libspace.o(.bss)
    HEAP                                     0x20000268   Section      512  startup_stm32f407xx.o(HEAP)
    Heap_Mem                                 0x20000268   Data         512  startup_stm32f407xx.o(HEAP)
    STACK                                    0x20000468   Section     1024  startup_stm32f407xx.o(STACK)
    Stack_Mem                                0x20000468   Data        1024  startup_stm32f407xx.o(STACK)
    __initial_sp                             0x20000868   Data           0  startup_stm32f407xx.o(STACK)

    Global Symbols

    Symbol Name                              Value     Ov Type        Size  Object(Section)

    BuildAttributes$$THM_ISAv4$E$P$D$K$B$S$7EM$VFPi3$EXTD16$VFPS$VFMA$PE$A:L22UL41UL21$X:L11$S22US41US21$IEEE1$IW$USESV6$~STKCKD$USESV7$~SHL$OTIME$ROPI$EBA8$UX$STANDARDLIB$REQ8$PRES8$EABIv2 0x00000000   Number         0  anon$$obj.o ABSOLUTE
    __ARM_use_no_argv                        0x00000000   Number         0  main.o ABSOLUTE
    _printf_flags                            0x00000000   Number         0  printf_stubs.o ABSOLUTE
    _printf_return_value                     0x00000000   Number         0  printf_stubs.o ABSOLUTE
    _printf_sizespec                         0x00000000   Number         0  printf_stubs.o ABSOLUTE
    _printf_widthprec                        0x00000000   Number         0  printf_stubs.o ABSOLUTE
    __ARM_exceptions_init                     - Undefined Weak Reference
    __alloca_initialize                       - Undefined Weak Reference
    __arm_preinit_                            - Undefined Weak Reference
    __cpp_initialize__aeabi_                  - Undefined Weak Reference
    __cxa_finalize                            - Undefined Weak Reference
    __rt_locale                               - Undefined Weak Reference
    __sigvec_lookup                           - Undefined Weak Reference
    __user_heap_extent                        - Undefined Weak Reference
    _atexit_init                              - Undefined Weak Reference
    _call_atexit_fns                          - Undefined Weak Reference
    _clock_init                               - Undefined Weak Reference
    _fp_trap_init                             - Undefined Weak Reference
    _fp_trap_shutdown                         - Undefined Weak Reference
    _get_lc_collate                           - Undefined Weak Reference
    _get_lc_ctype                             - Undefined Weak Reference
    _get_lc_monetary                          - Undefined Weak Reference
    _get_lc_numeric                           - Undefined Weak Reference
    _get_lc_time                              - Undefined Weak Reference
    _getenv_init                              - Undefined Weak Reference
    _handle_redirection                       - Undefined Weak Reference
    _mutex_acquire                            - Undefined Weak Reference
    _mutex_free                               - Undefined Weak Reference
    _mutex_release                            - Undefined Weak Reference
    _printf_mbtowc                            - Undefined Weak Reference
    _printf_truncate_signed                   - Undefined Weak Reference
    _printf_truncate_unsigned                 - Undefined Weak Reference
    _rand_init                                - Undefined Weak Reference
    _signal_finish                            - Undefined Weak Reference
    _signal_init                              - Undefined Weak Reference
    __Vectors_Size                           0x00000188   Number         0  startup_stm32f407xx.o ABSOLUTE
    __Vectors                                0x08000000   Data           4  startup_stm32f407xx.o(RESET)
    __Vectors_End                            0x08000188   Data           0  startup_stm32f407xx.o(RESET)
    __main                                   0x08000189   Thumb Code     8  __main.o(!!!main)
    __scatterload                            0x08000191   Thumb Code     0  __scatter.o(!!!scatter)
    __scatterload_rt2                        0x08000191   Thumb Code    44  __scatter.o(!!!scatter)
    __scatterload_rt2_thumb_only             0x08000191   Thumb Code     0  __scatter.o(!!!scatter)
    __scatterload_null                       0x0800019f   Thumb Code     0  __scatter.o(!!!scatter)
    __scatterload_copy                       0x080001c5   Thumb Code    26  __scatter_copy.o(!!handler_copy)
    __scatterload_zeroinit                   0x080001e1   Thumb Code    28  __scatter_zi.o(!!handler_zi)
    _printf_d                                0x080001fd   Thumb Code     0  _printf_d.o(.ARM.Collect$$_printf_percent$$00000009)
    _printf_percent                          0x080001fd   Thumb Code     0  _printf_percent.o(.ARM.Collect$$_printf_percent$$00000000)
    _printf_x                                0x08000203   Thumb Code     0  _printf_x.o(.ARM.Collect$$_printf_percent$$0000000C)
    _printf_c                                0x08000209   Thumb Code     0  _printf_c.o(.ARM.Collect$$_printf_percent$$00000013)
    _printf_percent_end                      0x0800020f   Thumb Code     0  _printf_percent_end.o(.ARM.Collect$$_printf_percent$$00000017)
    __rt_lib_init                            0x08000213   Thumb Code     0  libinit.o(.ARM.Collect$$libinit$$00000000)
    __rt_lib_init_fp_1                       0x08000215   Thumb Code     0  libinit2.o(.ARM.Collect$$libinit$$00000001)
    __rt_lib_init_heap_2                     0x08000219   Thumb Code     0  libinit2.o(.ARM.Collect$$libinit$$00000005)
    __rt_lib_init_preinit_1                  0x08000219   Thumb Code     0  libinit2.o(.ARM.Collect$$libinit$$00000004)
    __rt_lib_init_atexit_1                   0x08000221   Thumb Code     0  libinit2.o(.ARM.Collect$$libinit$$0000001B)
    __rt_lib_init_clock_1                    0x08000221   Thumb Code     0  libinit2.o(.ARM.Collect$$libinit$$00000021)
    __rt_lib_init_fp_trap_1                  0x08000221   Thumb Code     0  libinit2.o(.ARM.Collect$$libinit$$0000001F)
    __rt_lib_init_getenv_1                   0x08000221   Thumb Code     0  libinit2.o(.ARM.Collect$$libinit$$00000023)
    __rt_lib_init_heap_1                     0x08000221   Thumb Code     0  libinit2.o(.ARM.Collect$$libinit$$0000000A)
    __rt_lib_init_lc_collate_1               0x08000221   Thumb Code     0  libinit2.o(.ARM.Collect$$libinit$$00000011)
    __rt_lib_init_lc_ctype_1                 0x08000221   Thumb Code     0  libinit2.o(.ARM.Collect$$libinit$$00000013)
    __rt_lib_init_lc_monetary_1              0x08000221   Thumb Code     0  libinit2.o(.ARM.Collect$$libinit$$00000015)
    __rt_lib_init_lc_numeric_1               0x08000221   Thumb Code     0  libinit2.o(.ARM.Collect$$libinit$$00000017)
    __rt_lib_init_lc_time_1                  0x08000221   Thumb Code     0  libinit2.o(.ARM.Collect$$libinit$$00000019)
    __rt_lib_init_rand_1                     0x08000221   Thumb Code     0  libinit2.o(.ARM.Collect$$libinit$$0000000E)
    __rt_lib_init_signal_1                   0x08000221   Thumb Code     0  libinit2.o(.ARM.Collect$$libinit$$0000001D)
    __rt_lib_init_stdio_2                    0x08000221   Thumb Code     0  libinit2.o(.ARM.Collect$$libinit$$00000024)
    __rt_lib_init_user_alloc_1               0x08000221   Thumb Code     0  libinit2.o(.ARM.Collect$$libinit$$0000000C)
    __rt_lib_init_alloca_1                   0x08000225   Thumb Code     0  libinit2.o(.ARM.Collect$$libinit$$0000002E)
    __rt_lib_init_argv_1                     0x08000225   Thumb Code     0  libinit2.o(.ARM.Collect$$libinit$$0000002C)
    __rt_lib_init_cpp_1                      0x08000225   Thumb Code     0  libinit2.o(.ARM.Collect$$libinit$$00000032)
    __rt_lib_init_exceptions_1               0x08000225   Thumb Code     0  libinit2.o(.ARM.Collect$$libinit$$00000030)
    __rt_lib_init_return                     0x08000225   Thumb Code     0  libinit2.o(.ARM.Collect$$libinit$$00000033)
    __rt_lib_init_stdio_1                    0x08000225   Thumb Code     0  libinit2.o(.ARM.Collect$$libinit$$00000025)
    __rt_lib_shutdown                        0x08000227   Thumb Code     0  libshutdown.o(.ARM.Collect$$libshutdown$$00000000)
    __rt_lib_shutdown_cpp_1                  0x08000229   Thumb Code     0  libshutdown2.o(.ARM.Collect$$libshutdown$$00000002)
    __rt_lib_shutdown_stdio_2                0x08000229   Thumb Code     0  libshutdown2.o(.ARM.Collect$$libshutdown$$00000003)
    __rt_lib_shutdown_fp_trap_1              0x0800022d   Thumb Code     0  libshutdown2.o(.ARM.Collect$$libshutdown$$00000007)
    __rt_lib_shutdown_heap_1                 0x0800022d   Thumb Code     0  libshutdown2.o(.ARM.Collect$$libshutdown$$0000000F)
    __rt_lib_shutdown_return                 0x0800022d   Thumb Code     0  libshutdown2.o(.ARM.Collect$$libshutdown$$00000010)
    __rt_lib_shutdown_signal_1               0x0800022d   Thumb Code     0  libshutdown2.o(.ARM.Collect$$libshutdown$$0000000A)
    __rt_lib_shutdown_stdio_1                0x0800022d   Thumb Code     0  libshutdown2.o(.ARM.Collect$$libshutdown$$00000004)
    __rt_lib_shutdown_user_alloc_1           0x0800022d   Thumb Code     0  libshutdown2.o(.ARM.Collect$$libshutdown$$0000000C)
    __rt_entry                               0x0800022f   Thumb Code     0  __rtentry.o(.ARM.Collect$$rtentry$$00000000)
    __rt_entry_presh_1                       0x0800022f   Thumb Code     0  __rtentry2.o(.ARM.Collect$$rtentry$$00000002)
    __rt_entry_sh                            0x0800022f   Thumb Code     0  __rtentry4.o(.ARM.Collect$$rtentry$$00000004)
    __rt_entry_li                            0x08000235   Thumb Code     0  __rtentry2.o(.ARM.Collect$$rtentry$$0000000A)
    __rt_entry_postsh_1                      0x08000235   Thumb Code     0  __rtentry2.o(.ARM.Collect$$rtentry$$00000009)
    __rt_entry_main                          0x08000239   Thumb Code     0  __rtentry2.o(.ARM.Collect$$rtentry$$0000000D)
    __rt_entry_postli_1                      0x08000239   Thumb Code     0  __rtentry2.o(.ARM.Collect$$rtentry$$0000000C)
    __rt_exit                                0x08000241   Thumb Code     0  rtexit.o(.ARM.Collect$$rtexit$$00000000)
    __rt_exit_ls                             0x08000243   Thumb Code     0  rtexit2.o(.ARM.Collect$$rtexit$$00000003)
    __rt_exit_prels_1                        0x08000243   Thumb Code     0  rtexit2.o(.ARM.Collect$$rtexit$$00000002)
    __rt_exit_exit                           0x08000247   Thumb Code     0  rtexit2.o(.ARM.Collect$$rtexit$$00000004)
    Reset_Handler                            0x0800024d   Thumb Code     8  startup_stm32f407xx.o(.text)
    _maybe_terminate_alloc                   0x0800024d   Thumb Code     0  maybetermalloc1.o(.emb_text)
    ADC_IRQHandler                           0x08000267   Thumb Code     0  startup_stm32f407xx.o(.text)
    CAN1_RX0_IRQHandler                      0x08000267   Thumb Code     0  startup_stm32f407xx.o(.text)
    CAN1_RX1_IRQHandler                      0x08000267   Thumb Code     0  startup_stm32f407xx.o(.text)
    CAN1_SCE_IRQHandler                      0x08000267   Thumb Code     0  startup_stm32f407xx.o(.text)
    CAN1_TX_IRQHandler                       0x08000267   Thumb Code     0  startup_stm32f407xx.o(.text)
    CAN2_RX0_IRQHandler                      0x08000267   Thumb Code     0  startup_stm32f407xx.o(.text)
    CAN2_RX1_IRQHandler                      0x08000267   Thumb Code     0  startup_stm32f407xx.o(.text)
    CAN2_SCE_IRQHandler                      0x08000267   Thumb Code     0  startup_stm32f407xx.o(.text)
    CAN2_TX_IRQHandler                       0x08000267   Thumb Code     0  startup_stm32f407xx.o(.text)
    DCMI_IRQHandler                          0x08000267   Thumb Code     0  startup_stm32f407xx.o(.text)
    DMA1_Stream0_IRQHandler                  0x08000267   Thumb Code     0  startup_stm32f407xx.o(.text)
    DMA1_Stream1_IRQHandler                  0x08000267   Thumb Code     0  startup_stm32f407xx.o(.text)
    DMA1_Stream2_IRQHandler                  0x08000267   Thumb Code     0  startup_stm32f407xx.o(.text)
    DMA1_Stream3_IRQHandler                  0x08000267   Thumb Code     0  startup_stm32f407xx.o(.text)
    DMA1_Stream4_IRQHandler                  0x08000267   Thumb Code     0  startup_stm32f407xx.o(.text)
    DMA1_Stream5_IRQHandler                  0x08000267   Thumb Code     0  startup_stm32f407xx.o(.text)
    DMA1_Stream6_IRQHandler                  0x08000267   Thumb Code     0  startup_stm32f407xx.o(.text)
    DMA1_Stream7_IRQHandler                  0x08000267   Thumb Code     0  startup_stm32f407xx.o(.text)
    DMA2_Stream0_IRQHandler                  0x08000267   Thumb Code     0  startup_stm32f407xx.o(.text)
    DMA2_Stream1_IRQHandler                  0x08000267   Thumb Code     0  startup_stm32f407xx.o(.text)
    DMA2_Stream2_IRQHandler                  0x08000267   Thumb Code     0  startup_stm32f407xx.o(.text)
    DMA2_Stream3_IRQHandler                  0x08000267   Thumb Code     0  startup_stm32f407xx.o(.text)
    DMA2_Stream4_IRQHandler                  0x08000267   Thumb Code     0  startup_stm32f407xx.o(.text)
    DMA2_Stream5_IRQHandler                  0x08000267   Thumb Code     0  startup_stm32f407xx.o(.text)
    DMA2_Stream6_IRQHandler                  0x08000267   Thumb Code     0  startup_stm32f407xx.o(.text)
    DMA2_Stream7_IRQHandler                  0x08000267   Thumb Code     0  startup_stm32f407xx.o(.text)
    ETH_IRQHandler                           0x08000267   Thumb Code     0  startup_stm32f407xx.o(.text)
    ETH_WKUP_IRQHandler                      0x08000267   Thumb Code     0  startup_stm32f407xx.o(.text)
    EXTI0_IRQHandler                         0x08000267   Thumb Code     0  startup_stm32f407xx.o(.text)
    EXTI15_10_IRQHandler                     0x08000267   Thumb Code     0  startup_stm32f407xx.o(.text)
    EXTI1_IRQHandler                         0x08000267   Thumb Code     0  startup_stm32f407xx.o(.text)
    EXTI2_IRQHandler                         0x08000267   Thumb Code     0  startup_stm32f407xx.o(.text)
    EXTI3_IRQHandler                         0x08000267   Thumb Code     0  startup_stm32f407xx.o(.text)
    EXTI4_IRQHandler                         0x08000267   Thumb Code     0  startup_stm32f407xx.o(.text)
    EXTI9_5_IRQHandler                       0x08000267   Thumb Code     0  startup_stm32f407xx.o(.text)
    FLASH_IRQHandler                         0x08000267   Thumb Code     0  startup_stm32f407xx.o(.text)
    FMC_IRQHandler                           0x08000267   Thumb Code     0  startup_stm32f407xx.o(.text)
    FPU_IRQHandler                           0x08000267   Thumb Code     0  startup_stm32f407xx.o(.text)
    HASH_RNG_IRQHandler                      0x08000267   Thumb Code     0  startup_stm32f407xx.o(.text)
    I2C1_ER_IRQHandler                       0x08000267   Thumb Code     0  startup_stm32f407xx.o(.text)
    I2C1_EV_IRQHandler                       0x08000267   Thumb Code     0  startup_stm32f407xx.o(.text)
    I2C2_ER_IRQHandler                       0x08000267   Thumb Code     0  startup_stm32f407xx.o(.text)
    I2C2_EV_IRQHandler                       0x08000267   Thumb Code     0  startup_stm32f407xx.o(.text)
    I2C3_ER_IRQHandler                       0x08000267   Thumb Code     0  startup_stm32f407xx.o(.text)
    I2C3_EV_IRQHandler                       0x08000267   Thumb Code     0  startup_stm32f407xx.o(.text)
    OTG_FS_IRQHandler                        0x08000267   Thumb Code     0  startup_stm32f407xx.o(.text)
    OTG_FS_WKUP_IRQHandler                   0x08000267   Thumb Code     0  startup_stm32f407xx.o(.text)
    OTG_HS_EP1_IN_IRQHandler                 0x08000267   Thumb Code     0  startup_stm32f407xx.o(.text)
    OTG_HS_EP1_OUT_IRQHandler                0x08000267   Thumb Code     0  startup_stm32f407xx.o(.text)
    OTG_HS_IRQHandler                        0x08000267   Thumb Code     0  startup_stm32f407xx.o(.text)
    OTG_HS_WKUP_IRQHandler                   0x08000267   Thumb Code     0  startup_stm32f407xx.o(.text)
    PVD_IRQHandler                           0x08000267   Thumb Code     0  startup_stm32f407xx.o(.text)
    RCC_IRQHandler                           0x08000267   Thumb Code     0  startup_stm32f407xx.o(.text)
    RTC_Alarm_IRQHandler                     0x08000267   Thumb Code     0  startup_stm32f407xx.o(.text)
    RTC_WKUP_IRQHandler                      0x08000267   Thumb Code     0  startup_stm32f407xx.o(.text)
    SDIO_IRQHandler                          0x08000267   Thumb Code     0  startup_stm32f407xx.o(.text)
    SPI1_IRQHandler                          0x08000267   Thumb Code     0  startup_stm32f407xx.o(.text)
    SPI2_IRQHandler                          0x08000267   Thumb Code     0  startup_stm32f407xx.o(.text)
    SPI3_IRQHandler                          0x08000267   Thumb Code     0  startup_stm32f407xx.o(.text)
    TAMP_STAMP_IRQHandler                    0x08000267   Thumb Code     0  startup_stm32f407xx.o(.text)
    TIM1_BRK_TIM9_IRQHandler                 0x08000267   Thumb Code     0  startup_stm32f407xx.o(.text)
    TIM1_CC_IRQHandler                       0x08000267   Thumb Code     0  startup_stm32f407xx.o(.text)
    TIM1_TRG_COM_TIM11_IRQHandler            0x08000267   Thumb Code     0  startup_stm32f407xx.o(.text)
    TIM1_UP_TIM10_IRQHandler                 0x08000267   Thumb Code     0  startup_stm32f407xx.o(.text)
    TIM2_IRQHandler                          0x08000267   Thumb Code     0  startup_stm32f407xx.o(.text)
    TIM3_IRQHandler                          0x08000267   Thumb Code     0  startup_stm32f407xx.o(.text)
    TIM4_IRQHandler                          0x08000267   Thumb Code     0  startup_stm32f407xx.o(.text)
    TIM5_IRQHandler                          0x08000267   Thumb Code     0  startup_stm32f407xx.o(.text)
    TIM6_DAC_IRQHandler                      0x08000267   Thumb Code     0  startup_stm32f407xx.o(.text)
    TIM7_IRQHandler                          0x08000267   Thumb Code     0  startup_stm32f407xx.o(.text)
    TIM8_BRK_TIM12_IRQHandler                0x08000267   Thumb Code     0  startup_stm32f407xx.o(.text)
    TIM8_CC_IRQHandler                       0x08000267   Thumb Code     0  startup_stm32f407xx.o(.text)
    TIM8_TRG_COM_TIM14_IRQHandler            0x08000267   Thumb Code     0  startup_stm32f407xx.o(.text)
    TIM8_UP_TIM13_IRQHandler                 0x08000267   Thumb Code     0  startup_stm32f407xx.o(.text)
    UART4_IRQHandler                         0x08000267   Thumb Code     0  startup_stm32f407xx.o(.text)
    UART5_IRQHandler                         0x08000267   Thumb Code     0  startup_stm32f407xx.o(.text)
    USART1_IRQHandler                        0x08000267   Thumb Code     0  startup_stm32f407xx.o(.text)
    USART2_IRQHandler                        0x08000267   Thumb Code     0  startup_stm32f407xx.o(.text)
    USART3_IRQHandler                        0x08000267   Thumb Code     0  startup_stm32f407xx.o(.text)
    USART6_IRQHandler                        0x08000267   Thumb Code     0  startup_stm32f407xx.o(.text)
    WWDG_IRQHandler                          0x08000267   Thumb Code     0  startup_stm32f407xx.o(.text)
    __user_initial_stackheap                 0x08000269   Thumb Code     0  startup_stm32f407xx.o(.text)
    __aeabi_uldivmod                         0x0800028d   Thumb Code     0  lludivv7m.o(.text)
    _ll_udiv                                 0x0800028d   Thumb Code   238  lludivv7m.o(.text)
    __2printf                                0x0800037d   Thumb Code    20  noretval__2printf.o(.text)
    _printf_pre_padding                      0x08000395   Thumb Code    44  _printf_pad.o(.text)
    _printf_post_padding                     0x080003c1   Thumb Code    34  _printf_pad.o(.text)
    _printf_str                              0x080003e3   Thumb Code    82  _printf_str.o(.text)
    _printf_int_dec                          0x08000435   Thumb Code   104  _printf_dec.o(.text)
    _printf_int_hex                          0x080004ad   Thumb Code    84  _printf_hex_int.o(.text)
    _printf_longlong_hex                     0x080004ad   Thumb Code     0  _printf_hex_int.o(.text)
    __printf                                 0x08000505   Thumb Code   308  __printf_flags_wp.o(.text)
    __aeabi_memcpy                           0x0800063d   Thumb Code     0  rt_memcpy_v6.o(.text)
    __rt_memcpy                              0x0800063d   Thumb Code   138  rt_memcpy_v6.o(.text)
    _memcpy_lastbytes                        0x080006a3   Thumb Code     0  rt_memcpy_v6.o(.text)
    __aeabi_memclr                           0x080006c7   Thumb Code     0  rt_memclr.o(.text)
    __rt_memclr                              0x080006c7   Thumb Code    68  rt_memclr.o(.text)
    _memset                                  0x080006cb   Thumb Code     0  rt_memclr.o(.text)
    __aeabi_memclr4                          0x0800070b   Thumb Code     0  rt_memclr_w.o(.text)
    __aeabi_memclr8                          0x0800070b   Thumb Code     0  rt_memclr_w.o(.text)
    __rt_memclr_w                            0x0800070b   Thumb Code    78  rt_memclr_w.o(.text)
    _memset_w                                0x0800070f   Thumb Code     0  rt_memclr_w.o(.text)
    __use_two_region_memory                  0x08000759   Thumb Code     2  heapauxi.o(.text)
    __rt_heap_escrow                         0x0800075b   Thumb Code     2  heapauxi.o(.text)
    __rt_heap_expand                         0x0800075d   Thumb Code     2  heapauxi.o(.text)
    _printf_int_common                       0x0800075f   Thumb Code   178  _printf_intcommon.o(.text)
    _printf_cs_common                        0x08000811   Thumb Code    20  _printf_char.o(.text)
    _printf_char                             0x08000825   Thumb Code    16  _printf_char.o(.text)
    _printf_string                           0x08000835   Thumb Code     8  _printf_char.o(.text)
    _printf_char_file                        0x0800083d   Thumb Code    32  _printf_char_file.o(.text)
    __aeabi_memcpy4                          0x08000861   Thumb Code     0  rt_memcpy_w.o(.text)
    __aeabi_memcpy8                          0x08000861   Thumb Code     0  rt_memcpy_w.o(.text)
    __rt_memcpy_w                            0x08000861   Thumb Code   100  rt_memcpy_w.o(.text)
    _memcpy_lastbytes_aligned                0x080008a9   Thumb Code     0  rt_memcpy_w.o(.text)
    _printf_char_common                      0x080008cf   Thumb Code    32  _printf_char_common.o(.text)
    ferror                                   0x080008f5   Thumb Code     8  ferror.o(.text)
    _initio                                  0x080008fd   Thumb Code   210  initio.o(.text)
    _terminateio                             0x080009cf   Thumb Code    56  initio.o(.text)
    _sys_open                                0x08000a35   Thumb Code    20  sys_io.o(.text)
    _sys_close                               0x08000a49   Thumb Code    12  sys_io.o(.text)
    _sys_write                               0x08000a55   Thumb Code    16  sys_io.o(.text)
    _sys_read                                0x08000a65   Thumb Code    14  sys_io.o(.text)
    _sys_istty                               0x08000a73   Thumb Code    12  sys_io.o(.text)
    _sys_seek                                0x08000a7f   Thumb Code    14  sys_io.o(.text)
    _sys_ensure                              0x08000a8d   Thumb Code     2  sys_io.o(.text)
    _sys_flen                                0x08000a8f   Thumb Code    12  sys_io.o(.text)
    __user_setup_stackheap                   0x08000a9b   Thumb Code    74  sys_stackheap_outer.o(.text)
    free                                     0x08000ae5   Thumb Code    78  h1_free.o(.text)
    setvbuf                                  0x08000b33   Thumb Code    70  setvbuf.o(.text)
    freopen                                  0x08000b79   Thumb Code   158  fopen.o(.text)
    fopen                                    0x08000c17   Thumb Code    74  fopen.o(.text)
    _fclose_internal                         0x08000c65   Thumb Code    76  fclose.o(.text)
    fclose                                   0x08000c65   Thumb Code     0  fclose.o(.text)
    exit                                     0x08000cb1   Thumb Code    18  exit.o(.text)
    __rt_SIGRTRED                            0x08000cc3   Thumb Code    14  defsig_rtred_outer.o(.text)
    __user_libspace                          0x08000cd1   Thumb Code     8  libspace.o(.text)
    __user_perproc_libspace                  0x08000cd1   Thumb Code     0  libspace.o(.text)
    __user_perthread_libspace                0x08000cd1   Thumb Code     0  libspace.o(.text)
    __I$use$semihosting                      0x08000cd9   Thumb Code     0  use_no_semi.o(.text)
    __use_no_semihosting_swi                 0x08000cd9   Thumb Code     2  use_no_semi.o(.text)
    __semihosting_library_function           0x08000cdb   Thumb Code     0  indicate_semi.o(.text)
    __rt_heap_descriptor                     0x08000cdd   Thumb Code     8  rt_heap_descriptor_intlibspace.o(.text)
    __use_no_heap                            0x08000ce5   Thumb Code     2  hguard.o(.text)
    __heap$guard                             0x08000ce7   Thumb Code     2  hguard.o(.text)
    _terminate_user_alloc                    0x08000ce9   Thumb Code     2  init_alloc.o(.text)
    _init_user_alloc                         0x08000ceb   Thumb Code     2  init_alloc.o(.text)
    __Heap_Full                              0x08000ced   Thumb Code    34  init_alloc.o(.text)
    __Heap_Broken                            0x08000d0f   Thumb Code     6  init_alloc.o(.text)
    _init_alloc                              0x08000d15   Thumb Code    94  init_alloc.o(.text)
    malloc                                   0x08000d73   Thumb Code    94  h1_alloc.o(.text)
    _fseek                                   0x08000dd1   Thumb Code   242  fseek.o(.text)
    fseek                                    0x08000dd1   Thumb Code     0  fseek.o(.text)
    _seterr                                  0x08000ec9   Thumb Code    20  stdio.o(.text)
    _writebuf                                0x08000edd   Thumb Code    84  stdio.o(.text)
    _fflush                                  0x08000f31   Thumb Code    70  stdio.o(.text)
    _deferredlazyseek                        0x08000f77   Thumb Code    60  stdio.o(.text)
    __sig_exit                               0x08000fb9   Thumb Code    10  defsig_exit.o(.text)
    __rt_SIGRTRED_inner                      0x08000fc5   Thumb Code    14  defsig_rtred_inner.o(.text)
    strlen                                   0x08000ff9   Thumb Code    62  strlen.o(.text)
    _sys_exit                                0x08001039   Thumb Code     8  sys_exit.o(.text)
    __Heap_Initialize                        0x08001045   Thumb Code    10  h1_init.o(.text)
    __Heap_DescSize                          0x0800104f   Thumb Code     4  h1_init.o(.text)
    __Heap_ProvideMemory                     0x08001053   Thumb Code    52  h1_extend.o(.text)
    _ftell_internal                          0x08001087   Thumb Code    66  ftell.o(.text)
    ftell                                    0x08001087   Thumb Code     0  ftell.o(.text)
    __default_signal_display                 0x080010c9   Thumb Code    50  defsig_general.o(.text)
    __rt_SIGRTMEM                            0x080010fb   Thumb Code    14  defsig_rtmem_outer.o(.text)
    _ttywrch                                 0x08001109   Thumb Code    14  sys_wrch.o(.text)
    __aeabi_errno_addr                       0x08001119   Thumb Code     8  rt_errno_addr_intlibspace.o(.text)
    __errno$intlibspace                      0x08001119   Thumb Code     0  rt_errno_addr_intlibspace.o(.text)
    __rt_errno_addr$intlibspace              0x08001119   Thumb Code     0  rt_errno_addr_intlibspace.o(.text)
    __rt_SIGRTMEM_inner                      0x08001121   Thumb Code    22  defsig_rtmem_inner.o(.text)
    AX_DWT_Init                              0x08001171   Thumb Code    30  ax_basis.o(i.AX_DWT_Init)
    AX_Delayus                               0x08001199   Thumb Code    42  ax_basis.o(i.AX_Delayus)
    AX_PS2_Init                              0x080011d1   Thumb Code   136  ax_ps2.o(i.AX_PS2_Init)
    AX_PS2_ScanKey                           0x08001261   Thumb Code   104  ax_ps2.o(i.AX_PS2_ScanKey)
    BusFault_Handler                         0x080012d5   Thumb Code     4  stm32f4xx_it.o(i.BusFault_Handler)
    DebugMon_Handler                         0x080012d9   Thumb Code     2  stm32f4xx_it.o(i.DebugMon_Handler)
    Error_Handler                            0x080012db   Thumb Code     6  main.o(i.Error_Handler)
    HAL_GPIO_Init                            0x080012e1   Thumb Code   454  stm32f4xx_hal_gpio.o(i.HAL_GPIO_Init)
    HAL_GPIO_ReadPin                         0x080014d5   Thumb Code    16  stm32f4xx_hal_gpio.o(i.HAL_GPIO_ReadPin)
    HAL_GPIO_WritePin                        0x080014e5   Thumb Code    12  stm32f4xx_hal_gpio.o(i.HAL_GPIO_WritePin)
    HAL_GetTick                              0x080014f1   Thumb Code     6  stm32f4xx_hal.o(i.HAL_GetTick)
    HAL_IncTick                              0x080014fd   Thumb Code    16  stm32f4xx_hal.o(i.HAL_IncTick)
    HAL_Init                                 0x08001515   Thumb Code    54  stm32f4xx_hal.o(i.HAL_Init)
    HAL_InitTick                             0x08001551   Thumb Code    64  stm32f4xx_hal.o(i.HAL_InitTick)
    HAL_MspInit                              0x0800159d   Thumb Code    68  stm32f4xx_hal_msp.o(i.HAL_MspInit)
    HAL_NVIC_SetPriority                     0x080015e5   Thumb Code   124  stm32f4xx_hal_cortex.o(i.HAL_NVIC_SetPriority)
    HAL_NVIC_SetPriorityGrouping             0x08001661   Thumb Code    32  stm32f4xx_hal_cortex.o(i.HAL_NVIC_SetPriorityGrouping)
    HAL_RCC_ClockConfig                      0x08001689   Thumb Code   368  stm32f4xx_hal_rcc.o(i.HAL_RCC_ClockConfig)
    HAL_RCC_GetHCLKFreq                      0x0800180d   Thumb Code     6  stm32f4xx_hal_rcc.o(i.HAL_RCC_GetHCLKFreq)
    HAL_RCC_GetPCLK1Freq                     0x08001819   Thumb Code    22  stm32f4xx_hal_rcc.o(i.HAL_RCC_GetPCLK1Freq)
    HAL_RCC_GetPCLK2Freq                     0x08001839   Thumb Code    22  stm32f4xx_hal_rcc.o(i.HAL_RCC_GetPCLK2Freq)
    HAL_RCC_GetSysClockFreq                  0x08001859   Thumb Code   162  stm32f4xx_hal_rcc.o(i.HAL_RCC_GetSysClockFreq)
    HAL_RCC_OscConfig                        0x08001909   Thumb Code  1172  stm32f4xx_hal_rcc.o(i.HAL_RCC_OscConfig)
    HAL_SYSTICK_Config                       0x08001da5   Thumb Code    52  stm32f4xx_hal_cortex.o(i.HAL_SYSTICK_Config)
    HAL_TIMEx_ConfigBreakDeadTime            0x08001dd9   Thumb Code   116  stm32f4xx_hal_tim_ex.o(i.HAL_TIMEx_ConfigBreakDeadTime)
    HAL_TIMEx_MasterConfigSynchronization    0x08001e4d   Thumb Code   150  stm32f4xx_hal_tim_ex.o(i.HAL_TIMEx_MasterConfigSynchronization)
    HAL_TIM_MspPostInit                      0x08001f01   Thumb Code    86  tim.o(i.HAL_TIM_MspPostInit)
    HAL_TIM_PWM_ConfigChannel                0x08001f65   Thumb Code   260  stm32f4xx_hal_tim.o(i.HAL_TIM_PWM_ConfigChannel)
    HAL_TIM_PWM_Init                         0x08002069   Thumb Code   102  stm32f4xx_hal_tim.o(i.HAL_TIM_PWM_Init)
    HAL_TIM_PWM_MspInit                      0x080020d1   Thumb Code    44  tim.o(i.HAL_TIM_PWM_MspInit)
    HAL_UART_Init                            0x08002105   Thumb Code   118  stm32f4xx_hal_uart.o(i.HAL_UART_Init)
    HAL_UART_MspInit                         0x0800217d   Thumb Code   124  usart.o(i.HAL_UART_MspInit)
    HardFault_Handler                        0x08002205   Thumb Code     4  stm32f4xx_it.o(i.HardFault_Handler)
    MX_GPIO_Init                             0x08002209   Thumb Code   368  gpio.o(i.MX_GPIO_Init)
    MX_TIM1_Init                             0x0800238d   Thumb Code   212  tim.o(i.MX_TIM1_Init)
    MX_USART1_UART_Init                      0x08002469   Thumb Code    46  usart.o(i.MX_USART1_UART_Init)
    MemManage_Handler                        0x080024a1   Thumb Code     4  stm32f4xx_it.o(i.MemManage_Handler)
    NMI_Handler                              0x080024a5   Thumb Code     4  stm32f4xx_it.o(i.NMI_Handler)
    PendSV_Handler                           0x0800251d   Thumb Code     2  stm32f4xx_it.o(i.PendSV_Handler)
    RemoteControlInit                        0x0800254d   Thumb Code    24  remote_control.o(i.RemoteControlInit)
    RemoteControlIsOnline                    0x0800256d   Thumb Code    16  remote_control.o(i.RemoteControlIsOnline)
    RemoteControlUpdate                      0x08002585   Thumb Code    26  remote_control.o(i.RemoteControlUpdate)
    SVC_Handler                              0x080025a9   Thumb Code     2  stm32f4xx_it.o(i.SVC_Handler)
    SysTick_Handler                          0x080025ab   Thumb Code     8  stm32f4xx_it.o(i.SysTick_Handler)
    SystemClock_Config                       0x080025b5   Thumb Code   172  main.o(i.SystemClock_Config)
    SystemInit                               0x08002669   Thumb Code    14  system_stm32f4xx.o(i.SystemInit)
    TIM_Base_SetConfig                       0x0800267d   Thumb Code   178  stm32f4xx_hal_tim.o(i.TIM_Base_SetConfig)
    TIM_OC2_SetConfig                        0x080027cd   Thumb Code   114  stm32f4xx_hal_tim.o(i.TIM_OC2_SetConfig)
    UsageFault_Handler                       0x08002b41   Thumb Code     4  stm32f4xx_it.o(i.UsageFault_Handler)
    _is_digit                                0x08002b7d   Thumb Code    14  __printf_wp.o(i._is_digit)
    fputc                                    0x08002b8d   Thumb Code    24  ax_basis.o(i.fputc)
    main                                     0x08002bad   Thumb Code   342  main.o(i.main)
    _fp_init                                 0x08002ee5   Thumb Code    10  fpinit.o(x$fpl$fpinit)
    __fplib_config_fpu_vfp                   0x08002eed   Thumb Code     0  fpinit.o(x$fpl$fpinit)
    __fplib_config_pureend_doubles           0x08002eed   Thumb Code     0  fpinit.o(x$fpl$fpinit)
    AHBPrescTable                            0x08002eee   Data          16  system_stm32f4xx.o(.constdata)
    APBPrescTable                            0x08002efe   Data           8  system_stm32f4xx.o(.constdata)
    PS2_cmnd                                 0x08002f06   Data           9  ax_ps2.o(.constdata)
    __stdin_name                             0x08002f48   Data           4  sys_io.o(.constdata)
    __stdout_name                            0x08002f4c   Data           4  sys_io.o(.constdata)
    __stderr_name                            0x08002f50   Data           4  sys_io.o(.constdata)
    Region$$Table$$Base                      0x08002fa8   Number         0  anon$$obj.o(Region$$Table)
    Region$$Table$$Limit                     0x08002fc8   Number         0  anon$$obj.o(Region$$Table)
    g_rc                                     0x20000000   Data           4  main.o(.data)
    g_lastScanTick                           0x20000004   Data           4  main.o(.data)
    g_lastPrintTick                          0x20000008   Data           4  main.o(.data)
    uwTick                                   0x2000000c   Data           4  stm32f4xx_hal.o(.data)
    uwTickPrio                               0x20000010   Data           4  stm32f4xx_hal.o(.data)
    uwTickFreq                               0x20000014   Data           1  stm32f4xx_hal.o(.data)
    SystemCoreClock                          0x20000018   Data           4  system_stm32f4xx.o(.data)
    __aeabi_stdin                            0x20000024   Data           4  stdio_streams.o(.data)
    __aeabi_stdout                           0x20000028   Data           4  stdio_streams.o(.data)
    __aeabi_stderr                           0x2000002c   Data           4  stdio_streams.o(.data)
    htim1                                    0x20000030   Data          72  tim.o(.bss)
    huart1                                   0x20000078   Data          72  usart.o(.bss)
    __stdin                                  0x20000108   Data          84  stdio_streams.o(.bss)
    __stdout                                 0x2000015c   Data          84  stdio_streams.o(.bss)
    __stderr                                 0x200001b0   Data          84  stdio_streams.o(.bss)
    __libspace_start                         0x20000204   Data          96  libspace.o(.bss)
    __temporary_stack_top$libspace           0x20000264   Data           0  libspace.o(.bss)



==============================================================================

Memory Map of the image

  Image Entry point : 0x08000189

  Load Region LR_IROM1 (Base: 0x08000000, Size: 0x00002ff8, Max: 0x00080000, ABSOLUTE)

    Execution Region ER_IROM1 (Exec base: 0x08000000, Load base: 0x08000000, Size: 0x00002fc8, Max: 0x00080000, ABSOLUTE)

    Exec Addr    Load Addr    Size         Type   Attr      Idx    E Section Name        Object

    0x08000000   0x08000000   0x00000188   Data   RO            3    RESET               startup_stm32f407xx.o
    0x08000188   0x08000188   0x00000008   Code   RO         3217  * !!!main             c_w.l(__main.o)
    0x08000190   0x08000190   0x00000034   Code   RO         3550    !!!scatter          c_w.l(__scatter.o)
    0x080001c4   0x080001c4   0x0000001a   Code   RO         3552    !!handler_copy      c_w.l(__scatter_copy.o)
    0x080001de   0x080001de   0x00000002   PAD
    0x080001e0   0x080001e0   0x0000001c   Code   RO         3554    !!handler_zi        c_w.l(__scatter_zi.o)
    0x080001fc   0x080001fc   0x00000000   Code   RO         3208    .ARM.Collect$$_printf_percent$$00000000  c_w.l(_printf_percent.o)
    0x080001fc   0x080001fc   0x00000006   Code   RO         3207    .ARM.Collect$$_printf_percent$$00000009  c_w.l(_printf_d.o)
    0x08000202   0x08000202   0x00000006   Code   RO         3206    .ARM.Collect$$_printf_percent$$0000000C  c_w.l(_printf_x.o)
    0x08000208   0x08000208   0x00000006   Code   RO         3205    .ARM.Collect$$_printf_percent$$00000013  c_w.l(_printf_c.o)
    0x0800020e   0x0800020e   0x00000004   Code   RO         3230    .ARM.Collect$$_printf_percent$$00000017  c_w.l(_printf_percent_end.o)
    0x08000212   0x08000212   0x00000002   Code   RO         3359    .ARM.Collect$$libinit$$00000000  c_w.l(libinit.o)
    0x08000214   0x08000214   0x00000004   Code   RO         3360    .ARM.Collect$$libinit$$00000001  c_w.l(libinit2.o)
    0x08000218   0x08000218   0x00000000   Code   RO         3363    .ARM.Collect$$libinit$$00000004  c_w.l(libinit2.o)
    0x08000218   0x08000218   0x00000008   Code   RO         3364    .ARM.Collect$$libinit$$00000005  c_w.l(libinit2.o)
    0x08000220   0x08000220   0x00000000   Code   RO         3366    .ARM.Collect$$libinit$$0000000A  c_w.l(libinit2.o)
    0x08000220   0x08000220   0x00000000   Code   RO         3368    .ARM.Collect$$libinit$$0000000C  c_w.l(libinit2.o)
    0x08000220   0x08000220   0x00000000   Code   RO         3370    .ARM.Collect$$libinit$$0000000E  c_w.l(libinit2.o)
    0x08000220   0x08000220   0x00000000   Code   RO         3373    .ARM.Collect$$libinit$$00000011  c_w.l(libinit2.o)
    0x08000220   0x08000220   0x00000000   Code   RO         3375    .ARM.Collect$$libinit$$00000013  c_w.l(libinit2.o)
    0x08000220   0x08000220   0x00000000   Code   RO         3377    .ARM.Collect$$libinit$$00000015  c_w.l(libinit2.o)
    0x08000220   0x08000220   0x00000000   Code   RO         3379    .ARM.Collect$$libinit$$00000017  c_w.l(libinit2.o)
    0x08000220   0x08000220   0x00000000   Code   RO         3381    .ARM.Collect$$libinit$$00000019  c_w.l(libinit2.o)
    0x08000220   0x08000220   0x00000000   Code   RO         3383    .ARM.Collect$$libinit$$0000001B  c_w.l(libinit2.o)
    0x08000220   0x08000220   0x00000000   Code   RO         3385    .ARM.Collect$$libinit$$0000001D  c_w.l(libinit2.o)
    0x08000220   0x08000220   0x00000000   Code   RO         3387    .ARM.Collect$$libinit$$0000001F  c_w.l(libinit2.o)
    0x08000220   0x08000220   0x00000000   Code   RO         3389    .ARM.Collect$$libinit$$00000021  c_w.l(libinit2.o)
    0x08000220   0x08000220   0x00000000   Code   RO         3391    .ARM.Collect$$libinit$$00000023  c_w.l(libinit2.o)
    0x08000220   0x08000220   0x00000004   Code   RO         3392    .ARM.Collect$$libinit$$00000024  c_w.l(libinit2.o)
    0x08000224   0x08000224   0x00000000   Code   RO         3393    .ARM.Collect$$libinit$$00000025  c_w.l(libinit2.o)
    0x08000224   0x08000224   0x00000000   Code   RO         3397    .ARM.Collect$$libinit$$0000002C  c_w.l(libinit2.o)
    0x08000224   0x08000224   0x00000000   Code   RO         3399    .ARM.Collect$$libinit$$0000002E  c_w.l(libinit2.o)
    0x08000224   0x08000224   0x00000000   Code   RO         3401    .ARM.Collect$$libinit$$00000030  c_w.l(libinit2.o)
    0x08000224   0x08000224   0x00000000   Code   RO         3403    .ARM.Collect$$libinit$$00000032  c_w.l(libinit2.o)
    0x08000224   0x08000224   0x00000002   Code   RO         3404    .ARM.Collect$$libinit$$00000033  c_w.l(libinit2.o)
    0x08000226   0x08000226   0x00000002   Code   RO         3531    .ARM.Collect$$libshutdown$$00000000  c_w.l(libshutdown.o)
    0x08000228   0x08000228   0x00000000   Code   RO         3406    .ARM.Collect$$libshutdown$$00000002  c_w.l(libshutdown2.o)
    0x08000228   0x08000228   0x00000004   Code   RO         3407    .ARM.Collect$$libshutdown$$00000003  c_w.l(libshutdown2.o)
    0x0800022c   0x0800022c   0x00000000   Code   RO         3408    .ARM.Collect$$libshutdown$$00000004  c_w.l(libshutdown2.o)
    0x0800022c   0x0800022c   0x00000000   Code   RO         3411    .ARM.Collect$$libshutdown$$00000007  c_w.l(libshutdown2.o)
    0x0800022c   0x0800022c   0x00000000   Code   RO         3414    .ARM.Collect$$libshutdown$$0000000A  c_w.l(libshutdown2.o)
    0x0800022c   0x0800022c   0x00000000   Code   RO         3416    .ARM.Collect$$libshutdown$$0000000C  c_w.l(libshutdown2.o)
    0x0800022c   0x0800022c   0x00000000   Code   RO         3419    .ARM.Collect$$libshutdown$$0000000F  c_w.l(libshutdown2.o)
    0x0800022c   0x0800022c   0x00000002   Code   RO         3420    .ARM.Collect$$libshutdown$$00000010  c_w.l(libshutdown2.o)
    0x0800022e   0x0800022e   0x00000000   Code   RO         3219    .ARM.Collect$$rtentry$$00000000  c_w.l(__rtentry.o)
    0x0800022e   0x0800022e   0x00000000   Code   RO         3240    .ARM.Collect$$rtentry$$00000002  c_w.l(__rtentry2.o)
    0x0800022e   0x0800022e   0x00000006   Code   RO         3252    .ARM.Collect$$rtentry$$00000004  c_w.l(__rtentry4.o)
    0x08000234   0x08000234   0x00000000   Code   RO         3242    .ARM.Collect$$rtentry$$00000009  c_w.l(__rtentry2.o)
    0x08000234   0x08000234   0x00000004   Code   RO         3243    .ARM.Collect$$rtentry$$0000000A  c_w.l(__rtentry2.o)
    0x08000238   0x08000238   0x00000000   Code   RO         3245    .ARM.Collect$$rtentry$$0000000C  c_w.l(__rtentry2.o)
    0x08000238   0x08000238   0x00000008   Code   RO         3246    .ARM.Collect$$rtentry$$0000000D  c_w.l(__rtentry2.o)
    0x08000240   0x08000240   0x00000002   Code   RO         3427    .ARM.Collect$$rtexit$$00000000  c_w.l(rtexit.o)
    0x08000242   0x08000242   0x00000000   Code   RO         3477    .ARM.Collect$$rtexit$$00000002  c_w.l(rtexit2.o)
    0x08000242   0x08000242   0x00000004   Code   RO         3478    .ARM.Collect$$rtexit$$00000003  c_w.l(rtexit2.o)
    0x08000246   0x08000246   0x00000006   Code   RO         3479    .ARM.Collect$$rtexit$$00000004  c_w.l(rtexit2.o)
    0x0800024c   0x0800024c   0x00000000   Code   RO         3483    .emb_text           c_w.l(maybetermalloc1.o)
    0x0800024c   0x0800024c   0x00000040   Code   RO            4    .text               startup_stm32f407xx.o
    0x0800028c   0x0800028c   0x000000ee   Code   RO         3150    .text               c_w.l(lludivv7m.o)
    0x0800037a   0x0800037a   0x00000002   PAD
    0x0800037c   0x0800037c   0x00000018   Code   RO         3154    .text               c_w.l(noretval__2printf.o)
    0x08000394   0x08000394   0x0000004e   Code   RO         3158    .text               c_w.l(_printf_pad.o)
    0x080003e2   0x080003e2   0x00000052   Code   RO         3160    .text               c_w.l(_printf_str.o)
    0x08000434   0x08000434   0x00000078   Code   RO         3162    .text               c_w.l(_printf_dec.o)
    0x080004ac   0x080004ac   0x00000058   Code   RO         3167    .text               c_w.l(_printf_hex_int.o)
    0x08000504   0x08000504   0x00000138   Code   RO         3197    .text               c_w.l(__printf_flags_wp.o)
    0x0800063c   0x0800063c   0x0000008a   Code   RO         3209    .text               c_w.l(rt_memcpy_v6.o)
    0x080006c6   0x080006c6   0x00000044   Code   RO         3211    .text               c_w.l(rt_memclr.o)
    0x0800070a   0x0800070a   0x0000004e   Code   RO         3213    .text               c_w.l(rt_memclr_w.o)
    0x08000758   0x08000758   0x00000006   Code   RO         3215    .text               c_w.l(heapauxi.o)
    0x0800075e   0x0800075e   0x000000b2   Code   RO         3224    .text               c_w.l(_printf_intcommon.o)
    0x08000810   0x08000810   0x0000002c   Code   RO         3226    .text               c_w.l(_printf_char.o)
    0x0800083c   0x0800083c   0x00000024   Code   RO         3228    .text               c_w.l(_printf_char_file.o)
    0x08000860   0x08000860   0x00000064   Code   RO         3237    .text               c_w.l(rt_memcpy_w.o)
    0x080008c4   0x080008c4   0x00000030   Code   RO         3256    .text               c_w.l(_printf_char_common.o)
    0x080008f4   0x080008f4   0x00000008   Code   RO         3258    .text               c_w.l(ferror.o)
    0x080008fc   0x080008fc   0x00000138   Code   RO         3260    .text               c_w.l(initio.o)
    0x08000a34   0x08000a34   0x00000066   Code   RO         3266    .text               c_w.l(sys_io.o)
    0x08000a9a   0x08000a9a   0x0000004a   Code   RO         3273    .text               c_w.l(sys_stackheap_outer.o)
    0x08000ae4   0x08000ae4   0x0000004e   Code   RO         3277    .text               c_w.l(h1_free.o)
    0x08000b32   0x08000b32   0x00000046   Code   RO         3333    .text               c_w.l(setvbuf.o)
    0x08000b78   0x08000b78   0x000000ec   Code   RO         3336    .text               c_w.l(fopen.o)
    0x08000c64   0x08000c64   0x0000004c   Code   RO         3338    .text               c_w.l(fclose.o)
    0x08000cb0   0x08000cb0   0x00000012   Code   RO         3344    .text               c_w.l(exit.o)
    0x08000cc2   0x08000cc2   0x0000000e   Code   RO         3350    .text               c_w.l(defsig_rtred_outer.o)
    0x08000cd0   0x08000cd0   0x00000008   Code   RO         3421    .text               c_w.l(libspace.o)
    0x08000cd8   0x08000cd8   0x00000002   Code   RO         3424    .text               c_w.l(use_no_semi.o)
    0x08000cda   0x08000cda   0x00000000   Code   RO         3426    .text               c_w.l(indicate_semi.o)
    0x08000cda   0x08000cda   0x00000002   PAD
    0x08000cdc   0x08000cdc   0x00000008   Code   RO         3434    .text               c_w.l(rt_heap_descriptor_intlibspace.o)
    0x08000ce4   0x08000ce4   0x00000004   Code   RO         3436    .text               c_w.l(hguard.o)
    0x08000ce8   0x08000ce8   0x0000008a   Code   RO         3438    .text               c_w.l(init_alloc.o)
    0x08000d72   0x08000d72   0x0000005e   Code   RO         3444    .text               c_w.l(h1_alloc.o)
    0x08000dd0   0x08000dd0   0x000000f8   Code   RO         3458    .text               c_w.l(fseek.o)
    0x08000ec8   0x08000ec8   0x000000f0   Code   RO         3460    .text               c_w.l(stdio.o)
    0x08000fb8   0x08000fb8   0x0000000a   Code   RO         3462    .text               c_w.l(defsig_exit.o)
    0x08000fc2   0x08000fc2   0x00000002   PAD
    0x08000fc4   0x08000fc4   0x00000034   Code   RO         3466    .text               c_w.l(defsig_rtred_inner.o)
    0x08000ff8   0x08000ff8   0x0000003e   Code   RO         3468    .text               c_w.l(strlen.o)
    0x08001036   0x08001036   0x00000002   PAD
    0x08001038   0x08001038   0x0000000c   Code   RO         3474    .text               c_w.l(sys_exit.o)
    0x08001044   0x08001044   0x0000000e   Code   RO         3485    .text               c_w.l(h1_init.o)
    0x08001052   0x08001052   0x00000034   Code   RO         3487    .text               c_w.l(h1_extend.o)
    0x08001086   0x08001086   0x00000042   Code   RO         3493    .text               c_w.l(ftell.o)
    0x080010c8   0x080010c8   0x00000032   Code   RO         3497    .text               c_w.l(defsig_general.o)
    0x080010fa   0x080010fa   0x0000000e   Code   RO         3499    .text               c_w.l(defsig_rtmem_outer.o)
    0x08001108   0x08001108   0x0000000e   Code   RO         3512    .text               c_w.l(sys_wrch.o)
    0x08001116   0x08001116   0x00000002   PAD
    0x08001118   0x08001118   0x00000008   Code   RO         3519    .text               c_w.l(rt_errno_addr_intlibspace.o)
    0x08001120   0x08001120   0x00000050   Code   RO         3525    .text               c_w.l(defsig_rtmem_inner.o)
    0x08001170   0x08001170   0x00000028   Code   RO         2975    i.AX_DWT_Init       ax_basis.o
    0x08001198   0x08001198   0x00000038   Code   RO         2977    i.AX_Delayus        ax_basis.o
    0x080011d0   0x080011d0   0x00000090   Code   RO         3051    i.AX_PS2_Init       ax_ps2.o
    0x08001260   0x08001260   0x00000074   Code   RO         3052    i.AX_PS2_ScanKey    ax_ps2.o
    0x080012d4   0x080012d4   0x00000004   Code   RO          282    i.BusFault_Handler  stm32f4xx_it.o
    0x080012d8   0x080012d8   0x00000002   Code   RO          283    i.DebugMon_Handler  stm32f4xx_it.o
    0x080012da   0x080012da   0x00000006   Code   RO           13    i.Error_Handler     main.o
    0x080012e0   0x080012e0   0x000001f4   Code   RO         1765    i.HAL_GPIO_Init     stm32f4xx_hal_gpio.o
    0x080014d4   0x080014d4   0x00000010   Code   RO         1767    i.HAL_GPIO_ReadPin  stm32f4xx_hal_gpio.o
    0x080014e4   0x080014e4   0x0000000c   Code   RO         1769    i.HAL_GPIO_WritePin  stm32f4xx_hal_gpio.o
    0x080014f0   0x080014f0   0x0000000c   Code   RO         2320    i.HAL_GetTick       stm32f4xx_hal.o
    0x080014fc   0x080014fc   0x00000018   Code   RO         2326    i.HAL_IncTick       stm32f4xx_hal.o
    0x08001514   0x08001514   0x0000003c   Code   RO         2327    i.HAL_Init          stm32f4xx_hal.o
    0x08001550   0x08001550   0x0000004c   Code   RO         2328    i.HAL_InitTick      stm32f4xx_hal.o
    0x0800159c   0x0800159c   0x00000048   Code   RO          357    i.HAL_MspInit       stm32f4xx_hal_msp.o
    0x080015e4   0x080015e4   0x0000007c   Code   RO         2163    i.HAL_NVIC_SetPriority  stm32f4xx_hal_cortex.o
    0x08001660   0x08001660   0x00000028   Code   RO         2164    i.HAL_NVIC_SetPriorityGrouping  stm32f4xx_hal_cortex.o
    0x08001688   0x08001688   0x00000184   Code   RO         1366    i.HAL_RCC_ClockConfig  stm32f4xx_hal_rcc.o
    0x0800180c   0x0800180c   0x0000000c   Code   RO         1371    i.HAL_RCC_GetHCLKFreq  stm32f4xx_hal_rcc.o
    0x08001818   0x08001818   0x00000020   Code   RO         1373    i.HAL_RCC_GetPCLK1Freq  stm32f4xx_hal_rcc.o
    0x08001838   0x08001838   0x00000020   Code   RO         1374    i.HAL_RCC_GetPCLK2Freq  stm32f4xx_hal_rcc.o
    0x08001858   0x08001858   0x000000b0   Code   RO         1375    i.HAL_RCC_GetSysClockFreq  stm32f4xx_hal_rcc.o
    0x08001908   0x08001908   0x0000049c   Code   RO         1378    i.HAL_RCC_OscConfig  stm32f4xx_hal_rcc.o
    0x08001da4   0x08001da4   0x00000034   Code   RO         2168    i.HAL_SYSTICK_Config  stm32f4xx_hal_cortex.o
    0x08001dd8   0x08001dd8   0x00000074   Code   RO         1101    i.HAL_TIMEx_ConfigBreakDeadTime  stm32f4xx_hal_tim_ex.o
    0x08001e4c   0x08001e4c   0x000000b4   Code   RO         1117    i.HAL_TIMEx_MasterConfigSynchronization  stm32f4xx_hal_tim_ex.o
    0x08001f00   0x08001f00   0x00000064   Code   RO          192    i.HAL_TIM_MspPostInit  tim.o
    0x08001f64   0x08001f64   0x00000104   Code   RO          455    i.HAL_TIM_PWM_ConfigChannel  stm32f4xx_hal_tim.o
    0x08002068   0x08002068   0x00000066   Code   RO          458    i.HAL_TIM_PWM_Init  stm32f4xx_hal_tim.o
    0x080020ce   0x080020ce   0x00000002   PAD
    0x080020d0   0x080020d0   0x00000034   Code   RO          194    i.HAL_TIM_PWM_MspInit  tim.o
    0x08002104   0x08002104   0x00000076   Code   RO         2595    i.HAL_UART_Init     stm32f4xx_hal_uart.o
    0x0800217a   0x0800217a   0x00000002   PAD
    0x0800217c   0x0800217c   0x00000088   Code   RO          241    i.HAL_UART_MspInit  usart.o
    0x08002204   0x08002204   0x00000004   Code   RO          284    i.HardFault_Handler  stm32f4xx_it.o
    0x08002208   0x08002208   0x00000184   Code   RO          168    i.MX_GPIO_Init      gpio.o
    0x0800238c   0x0800238c   0x000000dc   Code   RO          195    i.MX_TIM1_Init      tim.o
    0x08002468   0x08002468   0x00000038   Code   RO          242    i.MX_USART1_UART_Init  usart.o
    0x080024a0   0x080024a0   0x00000004   Code   RO          285    i.MemManage_Handler  stm32f4xx_it.o
    0x080024a4   0x080024a4   0x00000004   Code   RO          286    i.NMI_Handler       stm32f4xx_it.o
    0x080024a8   0x080024a8   0x00000074   Code   RO         3053    i.PS2_ReadWriteData  ax_ps2.o
    0x0800251c   0x0800251c   0x00000002   Code   RO          287    i.PendSV_Handler    stm32f4xx_it.o
    0x0800251e   0x0800251e   0x00000002   PAD
    0x08002520   0x08002520   0x0000002c   Code   RO         3093    i.RectifyRCjoystick  remote_control.o
    0x0800254c   0x0800254c   0x00000020   Code   RO         3095    i.RemoteControlInit  remote_control.o
    0x0800256c   0x0800256c   0x00000018   Code   RO         3096    i.RemoteControlIsOnline  remote_control.o
    0x08002584   0x08002584   0x00000024   Code   RO         3097    i.RemoteControlUpdate  remote_control.o
    0x080025a8   0x080025a8   0x00000002   Code   RO          288    i.SVC_Handler       stm32f4xx_it.o
    0x080025aa   0x080025aa   0x00000008   Code   RO          289    i.SysTick_Handler   stm32f4xx_it.o
    0x080025b2   0x080025b2   0x00000002   PAD
    0x080025b4   0x080025b4   0x000000b4   Code   RO           14    i.SystemClock_Config  main.o
    0x08002668   0x08002668   0x00000014   Code   RO         2939    i.SystemInit        system_stm32f4xx.o
    0x0800267c   0x0800267c   0x000000e0   Code   RO          476    i.TIM_Base_SetConfig  stm32f4xx_hal_tim.o
    0x0800275c   0x0800275c   0x00000070   Code   RO          489    i.TIM_OC1_SetConfig  stm32f4xx_hal_tim.o
    0x080027cc   0x080027cc   0x0000007c   Code   RO          490    i.TIM_OC2_SetConfig  stm32f4xx_hal_tim.o
    0x08002848   0x08002848   0x00000078   Code   RO          491    i.TIM_OC3_SetConfig  stm32f4xx_hal_tim.o
    0x080028c0   0x080028c0   0x00000054   Code   RO          492    i.TIM_OC4_SetConfig  stm32f4xx_hal_tim.o
    0x08002914   0x08002914   0x0000022c   Code   RO         2622    i.UART_SetConfig    stm32f4xx_hal_uart.o
    0x08002b40   0x08002b40   0x00000004   Code   RO          290    i.UsageFault_Handler  stm32f4xx_it.o
    0x08002b44   0x08002b44   0x00000010   Code   RO         2170    i.__NVIC_GetPriorityGrouping  stm32f4xx_hal_cortex.o
    0x08002b54   0x08002b54   0x00000028   Code   RO         2171    i.__NVIC_SetPriority  stm32f4xx_hal_cortex.o
    0x08002b7c   0x08002b7c   0x0000000e   Code   RO         3195    i._is_digit         c_w.l(__printf_wp.o)
    0x08002b8a   0x08002b8a   0x00000002   PAD
    0x08002b8c   0x08002b8c   0x00000020   Code   RO         2983    i.fputc             ax_basis.o
    0x08002bac   0x08002bac   0x000001a8   Code   RO           15    i.main              main.o
    0x08002d54   0x08002d54   0x00000190   Code   RO         3098    i.ps2_to_rc         remote_control.o
    0x08002ee4   0x08002ee4   0x0000000a   Code   RO         3472    x$fpl$fpinit        fz_wm.l(fpinit.o)
    0x08002eee   0x08002eee   0x00000018   Data   RO         2940    .constdata          system_stm32f4xx.o
    0x08002f06   0x08002f06   0x00000009   Data   RO         3055    .constdata          ax_ps2.o
    0x08002f0f   0x08002f0f   0x00000028   Data   RO         3168    .constdata          c_w.l(_printf_hex_int.o)
    0x08002f37   0x08002f37   0x00000011   Data   RO         3198    .constdata          c_w.l(__printf_flags_wp.o)
    0x08002f48   0x08002f48   0x00000004   Data   RO         3267    .constdata          c_w.l(sys_io.o)
    0x08002f4c   0x08002f4c   0x00000004   Data   RO         3268    .constdata          c_w.l(sys_io.o)
    0x08002f50   0x08002f50   0x00000004   Data   RO         3269    .constdata          c_w.l(sys_io.o)
    0x08002f54   0x08002f54   0x00000052   Data   RO           16    .conststring        main.o
    0x08002fa6   0x08002fa6   0x00000002   PAD
    0x08002fa8   0x08002fa8   0x00000020   Data   RO         3548    Region$$Table       anon$$obj.o


    Execution Region RW_IRAM1 (Exec base: 0x20000000, Load base: 0x08002fc8, Size: 0x00000868, Max: 0x0001c000, ABSOLUTE)

    Exec Addr    Load Addr    Size         Type   Attr      Idx    E Section Name        Object

    0x20000000   0x08002fc8   0x0000000c   Data   RW           17    .data               main.o
    0x2000000c   0x08002fd4   0x00000009   Data   RW         2334    .data               stm32f4xx_hal.o
    0x20000015   0x08002fdd   0x00000003   PAD
    0x20000018   0x08002fe0   0x00000004   Data   RW         2941    .data               system_stm32f4xx.o
    0x2000001c   0x08002fe4   0x00000008   Data   RW         3100    .data               remote_control.o
    0x20000024   0x08002fec   0x00000004   Data   RW         3234    .data               c_w.l(stdio_streams.o)
    0x20000028   0x08002ff0   0x00000004   Data   RW         3235    .data               c_w.l(stdio_streams.o)
    0x2000002c   0x08002ff4   0x00000004   Data   RW         3236    .data               c_w.l(stdio_streams.o)
    0x20000030        -       0x00000048   Zero   RW          196    .bss                tim.o
    0x20000078        -       0x00000048   Zero   RW          243    .bss                usart.o
    0x200000c0        -       0x00000009   Zero   RW         3054    .bss                ax_ps2.o
    0x200000c9   0x08002ff8   0x00000001   PAD
    0x200000ca        -       0x0000003c   Zero   RW         3099    .bss                remote_control.o
    0x20000106   0x08002ff8   0x00000002   PAD
    0x20000108        -       0x00000054   Zero   RW         3231    .bss                c_w.l(stdio_streams.o)
    0x2000015c        -       0x00000054   Zero   RW         3232    .bss                c_w.l(stdio_streams.o)
    0x200001b0        -       0x00000054   Zero   RW         3233    .bss                c_w.l(stdio_streams.o)
    0x20000204        -       0x00000060   Zero   RW         3422    .bss                c_w.l(libspace.o)
    0x20000264   0x08002ff8   0x00000004   PAD
    0x20000268        -       0x00000200   Zero   RW            2    HEAP                startup_stm32f407xx.o
    0x20000468        -       0x00000400   Zero   RW            1    STACK               startup_stm32f407xx.o


    Execution Region RW_IRAM2 (Exec base: 0x2001c000, Load base: 0x08002ff8, Size: 0x00000000, Max: 0x00004000, ABSOLUTE)

    **** No section assigned to this execution region ****


==============================================================================

Image component sizes


      Code (inc. data)   RO Data    RW Data    ZI Data      Debug   Object Name

       128         32          0          0          0       1595   ax_basis.o
       376         26          9          0          9       3266   ax_ps2.o
       388         20          0          0          0       1111   gpio.o
       610         90         82         12          0     695606   main.o
       536         36          0          8         60       3478   remote_control.o
        64         26        392          0       1536        840   startup_stm32f407xx.o
       172         32          0          9          0       8717   stm32f4xx_hal.o
       272         22          0          0          0      33594   stm32f4xx_hal_cortex.o
       528         46          0          0          0       2763   stm32f4xx_hal_gpio.o
        72          4          0          0          0        850   stm32f4xx_hal_msp.o
      1820         84          0          0          0       5592   stm32f4xx_hal_rcc.o
      1026         82          0          0          0       5804   stm32f4xx_hal_tim.o
       296         30          0          0          0       2172   stm32f4xx_hal_tim_ex.o
       674         10          0          0          0       1852   stm32f4xx_hal_uart.o
        34          0          0          0          0       4166   stm32f4xx_it.o
        20          6         24          4          0       1115   system_stm32f4xx.o
       372         30          0          0         72       2407   tim.o
       192         22          0          0         72       1670   usart.o

    ----------------------------------------------------------------------
      7588        598        541         36       1752     776598   Object Totals
         0          0         32          0          0          0   (incl. Generated)
         8          0          2          3          3          0   (incl. Padding)

    ----------------------------------------------------------------------

      Code (inc. data)   RO Data    RW Data    ZI Data      Debug   Library Member Name

         8          0          0          0          0         68   __main.o
       312          4         17          0          0         92   __printf_flags_wp.o
        14          0          0          0          0         68   __printf_wp.o
         0          0          0          0          0          0   __rtentry.o
        12          0          0          0          0          0   __rtentry2.o
         6          0          0          0          0          0   __rtentry4.o
        52          8          0          0          0          0   __scatter.o
        26          0          0          0          0          0   __scatter_copy.o
        28          0          0          0          0          0   __scatter_zi.o
         6          0          0          0          0          0   _printf_c.o
        44          0          0          0          0        108   _printf_char.o
        48          6          0          0          0         96   _printf_char_common.o
        36          4          0          0          0         80   _printf_char_file.o
         6          0          0          0          0          0   _printf_d.o
       120         16          0          0          0         92   _printf_dec.o
        88          4         40          0          0         88   _printf_hex_int.o
       178          0          0          0          0         88   _printf_intcommon.o
        78          0          0          0          0        108   _printf_pad.o
         0          0          0          0          0          0   _printf_percent.o
         4          0          0          0          0          0   _printf_percent_end.o
        82          0          0          0          0         80   _printf_str.o
         6          0          0          0          0          0   _printf_x.o
        10          0          0          0          0         68   defsig_exit.o
        50          0          0          0          0         88   defsig_general.o
        80         58          0          0          0         76   defsig_rtmem_inner.o
        14          0          0          0          0         80   defsig_rtmem_outer.o
        52         38          0          0          0         76   defsig_rtred_inner.o
        14          0          0          0          0         80   defsig_rtred_outer.o
        18          0          0          0          0         80   exit.o
        76          0          0          0          0         88   fclose.o
         8          0          0          0          0         68   ferror.o
       236          4          0          0          0        128   fopen.o
       248          6          0          0          0         84   fseek.o
        66          0          0          0          0         76   ftell.o
        94          0          0          0          0         80   h1_alloc.o
        52          0          0          0          0         68   h1_extend.o
        78          0          0          0          0         80   h1_free.o
        14          0          0          0          0         84   h1_init.o
         6          0          0          0          0        152   heapauxi.o
         4          0          0          0          0        136   hguard.o
         0          0          0          0          0          0   indicate_semi.o
       138          0          0          0          0        168   init_alloc.o
       312         46          0          0          0        112   initio.o
         2          0          0          0          0          0   libinit.o
        18          0          0          0          0          0   libinit2.o
         2          0          0          0          0          0   libshutdown.o
         6          0          0          0          0          0   libshutdown2.o
         8          4          0          0         96         68   libspace.o
       238          0          0          0          0        100   lludivv7m.o
         0          0          0          0          0          0   maybetermalloc1.o
        24          4          0          0          0         84   noretval__2printf.o
         8          4          0          0          0         68   rt_errno_addr_intlibspace.o
         8          4          0          0          0         68   rt_heap_descriptor_intlibspace.o
        68          0          0          0          0         68   rt_memclr.o
        78          0          0          0          0         80   rt_memclr_w.o
       138          0          0          0          0         68   rt_memcpy_v6.o
       100          0          0          0          0         80   rt_memcpy_w.o
         2          0          0          0          0          0   rtexit.o
        10          0          0          0          0          0   rtexit2.o
        70          0          0          0          0         80   setvbuf.o
       240          6          0          0          0        156   stdio.o
         0          0          0         12        252          0   stdio_streams.o
        62          0          0          0          0         76   strlen.o
        12          4          0          0          0         68   sys_exit.o
       102          0         12          0          0        240   sys_io.o
        74          0          0          0          0         80   sys_stackheap_outer.o
        14          0          0          0          0         76   sys_wrch.o
         2          0          0          0          0         68   use_no_semi.o
        10          0          0          0          0        116   fpinit.o

    ----------------------------------------------------------------------
      4034        220         69         12        352       4484   Library Totals
        14          0          0          0          4          0   (incl. Padding)

    ----------------------------------------------------------------------

      Code (inc. data)   RO Data    RW Data    ZI Data      Debug   Library Name

      4010        220         69         12        348       4368   c_w.l
        10          0          0          0          0        116   fz_wm.l

    ----------------------------------------------------------------------
      4034        220         69         12        352       4484   Library Totals

    ----------------------------------------------------------------------

==============================================================================


      Code (inc. data)   RO Data    RW Data    ZI Data      Debug   

     11622        818        610         48       2104     773442   Grand Totals
     11622        818        610         48       2104     773442   ELF Image Totals
     11622        818        610         48          0          0   ROM Totals

==============================================================================

    Total RO  Size (Code + RO Data)                12232 (  11.95kB)
    Total RW  Size (RW Data + ZI Data)              2152 (   2.10kB)
    Total ROM Size (Code + RO Data + RW Data)      12280 (  11.99kB)

==============================================================================

