<html>
<body>
<pre>
<h1>�Vision Build Log</h1>
<h2>Tool Versions:</h2>
IDE-Version: ��Vision V5.39.0.0
Copyright (C) 2023 ARM Ltd and ARM Germany GmbH. All rights reserved.
License Information: iu Sanguinius, oi, LIC=FYKYW-QAHAQ-302NC-7GP0A-09QM6-FAGQQ
 
Tool Versions:
Toolchain:       MDK-ARM Plus  Version: 5.39.0.0
Toolchain Path:  D:\keil5\ARM\ARMCC\Bin
C Compiler:      Armcc.exe V5.06 update 6 (build 750)
Assembler:       Armasm.exe V5.06 update 6 (build 750)
Linker/Locator:  ArmLink.exe V5.06 update 6 (build 750)
Library Manager: ArmAr.exe V5.06 update 6 (build 750)
Hex Converter:   FromElf.exe V5.06 update 6 (build 750)
CPU DLL:         SARMCM3.DLL V5.39.0.0
Dialog DLL:      DCM.DLL V1.17.5.0
Target DLL:      STLink\ST-LINKIII-KEIL_SWO.dll V3.2.0.0
Dialog DLL:      TCM.DLL V1.56.4.0
 
<h2>Project:</h2>
C:\Users\Sanguinius\Desktop\god\MDK-ARM\god.uvprojx
Project File Date:  07/02/2026

<h2>Output:</h2>
*** Using Compiler 'V5.06 update 6 (build 750)', folder: 'D:\keil5\ARM\ARMCC\Bin'
Build target 'god'
compiling ax_ps2.c...
compiling gpio.c...
compiling main.c...
..\PS2_first\remote_control.h(82): warning:  #1-D: last line of file ends without a newline
  /******************* (C) ��Ȩ 2026 XTARK **************************************/
../Core/Src/main.c(121): warning:  #223-D: function "RemoteControlUpdate" declared implicitly
        RemoteControlUpdate();               // 读取PS2原始数据并转换为标准化RC通道
../Core/Src/main.c: 2 warnings, 0 errors
compiling remote_control.c...
..\PS2_first\remote_control.h(82): warning:  #1-D: last line of file ends without a newline
  /******************* (C) ��Ȩ 2026 XTARK **************************************/
..\PS2_first\remote_control.c(31): warning:  #223-D: function "abs" declared implicitly
          if (abs(ch_ptr[i]) > RC_CH_VALUE_RANGE) {
..\PS2_first\remote_control.c(168): warning:  #1-D: last line of file ends without a newline
  /******************* (C) ��Ȩ 2026 XTARK **************************************/
..\PS2_first\remote_control.c: 3 warnings, 0 errors
compiling ax_basis.c...
linking...
Program Size: Code=11698 RO-data=618 RW-data=52 ZI-data=2100  
FromELF: creating hex file...
"god\god.axf" - 0 Error(s), 5 Warning(s).

<h2>Software Packages used:</h2>

Package Vendor: ARM
                http://www.keil.com/pack/ARM.CMSIS.5.9.0.pack
                ARM::CMSIS@5.9.0
                CMSIS (Common Microcontroller Software Interface Standard)
   * Component: CORE Version: 5.6.0

Package Vendor: Keil
                https://www.keil.com/pack/Keil.STM32F4xx_DFP.3.1.1.pack
                Keil::STM32F4xx_DFP@3.1.1
                STMicroelectronics STM32F4 Series Device Support

<h2>Collection of Component include folders:</h2>
  ./RTE/_god
  D:/keil5/packs/ARM/CMSIS/5.9.0/CMSIS/Core/Include

<h2>Collection of Component Files used:</h2>

   * Component: ARM::CMSIS:CORE@5.6.0
      Include file:  CMSIS/Core/Include/tz_context.h
Build Time Elapsed:  00:00:03
</pre>
</body>
</html>
